ARM Linker, RVCT4.0 [Build 524] for uVision [Standard]

==============================================================================

Section Cross References

    si4431.o(.text) refers to 24l01api.o(.text) for SPI1_RW
    si4431.o(.text) refers to si4431.o(.data) for ii
    si4431.o(.text) refers to constant.o(.constdata) for baud
    si4431.o(.text) refers to si4431.o(.bss) for rxdata
    main.o(.text) refers to init.o(.text) for SysInit_Config
    main.o(.text) refers to global.o(.text) for DelayUs
    main.o(.text) refers to 24l01app.o(.text) for SysRun
    main.o(.text) refers to spicom.o(.text) for SPI2Rx_Parse
    main.o(.text) refers to global.o(.data) for WorkSta1
    init.o(.text) refers to rand.o(.text) for srand
    init.o(.text) refers to stm32f10x_tim.o(.text) for TIM_TimeBaseInit
    init.o(.text) refers to stm32f10x_usart.o(.text) for USART_DeInit
    init.o(.text) refers to stm32f10x_rcc.o(.text) for RCC_APB2PeriphClockCmd
    init.o(.text) refers to stm32f10x_gpio.o(.text) for GPIO_Init
    init.o(.text) refers to misc.o(.text) for NVIC_PriorityGroupConfig
    init.o(.text) refers to global.o(.data) for WorkStaPre1
    init.o(.text) refers to usartcom.o(.bss) for CmdBuf
    init.o(.text) refers to usartcom.o(.data) for pCmdBuf
    init.o(.text) refers to 24l01api.o(.bss) for RxAdr_Tab
    init.o(.text) refers to 24l01api.o(.data) for pRxAdr_Tab
    init.o(.text) refers to spicom.o(.bss) for SPI1_RxBuf
    init.o(.text) refers to stm32f10x_spi.o(.text) for SPI_Cmd
    init.o(.text) refers to global.o(.text) for DelayCom
    init.o(.text) refers to stm32f10x_exti.o(.text) for EXTI_Init
    init.o(.text) refers to stm32f10x_flash.o(.text) for FLASH_PrefetchBufferCmd
    global.o(.text) refers to global.o(.data) for TimingDelay
    spicom.o(.text) refers to global.o(.text) for Hash
    spicom.o(.text) refers to 24l01app.o(.text) for HeartBeat
    spicom.o(.text) refers to usartcom.o(.text) for Usart_SendString
    spicom.o(.text) refers to 24l01api.o(.text) for SPI2_Read
    spicom.o(.text) refers to spicom.o(.data) for SPI1OkFlag
    spicom.o(.text) refers to spicom.o(.bss) for SPI1_ParseBuf
    spicom.o(.text) refers to global.o(.data) for WorkSta2
    spicom.o(.text) refers to 24l01api.o(.data) for SPI2Sta
    stm32f10x_it.o(.text) refers to stm32f10x_exti.o(.text) for EXTI_GetITStatus
    stm32f10x_it.o(.text) refers to 24l01api.o(.text) for SPI1_Read
    stm32f10x_it.o(.text) refers to stm32f10x_tim.o(.text) for TIM_GetITStatus
    stm32f10x_it.o(.text) refers to 24l01app.o(.text) for CheckConnect
    stm32f10x_it.o(.text) refers to stm32f10x_usart.o(.text) for USART_ReceiveData
    stm32f10x_it.o(.text) refers to global.o(.data) for TimingDelay
    stm32f10x_it.o(.text) refers to 24l01api.o(.data) for SPI1Sta
    stm32f10x_it.o(.text) refers to spicom.o(.data) for SPI1NewFlg
    stm32f10x_it.o(.text) refers to spicom.o(.bss) for SPI1_RxBuf
    stm32f10x_it.o(.text) refers to usartcom.o(.data) for U1RxFullFlag
    stm32f10x_it.o(.text) refers to usartcom.o(.bss) for U1RxBuf
    usartcom.o(.text) refers to global.o(.text) for DelayUs
    usartcom.o(.text) refers to usartcom.o(.data) for pCmdBuf
    usartcom.o(.text) refers to usartcom.o(.bss) for Cmd_Body
    usartcom.o(.text) refers to global.o(.data) for WorkSta1
    24l01app.o(.text) refers to 24l01api.o(.text) for SPI1_RW_Reg
    24l01app.o(.text) refers to rand.o(.text) for rand
    24l01app.o(.text) refers to global.o(.text) for DelayUs
    24l01app.o(.text) refers to rt_memcpy_w.o(.text) for __aeabi_memcpy4
    24l01app.o(.text) refers to usartcom.o(.text) for Usart_SendString_End
    24l01app.o(.text) refers to stm32f10x_gpio.o(.text) for GPIO_ReadOutputDataBit
    24l01app.o(.text) refers to 24l01api.o(.data) for NetConnectRxAdr
    24l01app.o(.text) refers to global.o(.data) for WorkStaPre1
    24l01app.o(.text) refers to 24l01app.o(.constdata) for .constdata
    24l01app.o(.text) refers to usartcom.o(.data) for pCmdBuf
    24l01app.o(.text) refers to usartcom.o(.bss) for Cmd_Body
    24l01api.o(.text) refers to stm32f10x_spi.o(.text) for SPI_I2S_SendData
    24l01api.o(.text) refers to global.o(.text) for DelayUs
    24l01api.o(.text) refers to 24l01api.o(.data) for SPI1Sta
    startup_stm32f10x_hd.o(STACK) refers (Special) to heapauxi.o(.text) for __use_two_region_memory
    startup_stm32f10x_hd.o(HEAP) refers (Special) to heapauxi.o(.text) for __use_two_region_memory
    startup_stm32f10x_hd.o(RESET) refers (Special) to heapauxi.o(.text) for __use_two_region_memory
    startup_stm32f10x_hd.o(RESET) refers to startup_stm32f10x_hd.o(STACK) for __initial_sp
    startup_stm32f10x_hd.o(RESET) refers to startup_stm32f10x_hd.o(.text) for Reset_Handler
    startup_stm32f10x_hd.o(RESET) refers to stm32f10x_it.o(.text) for NMI_Handler
    startup_stm32f10x_hd.o(.text) refers (Special) to heapauxi.o(.text) for __use_two_region_memory
[...]
    libinit.o(.ARM.Collect$$libinit$$00000000) refers (Special) to libinit2.o(.ARM.Collect$$libinit$$0000001D) for __rt_lib_init_clock_1
    libinit.o(.ARM.Collect$$libinit$$00000000) refers (Special) to libinit2.o(.ARM.Collect$$libinit$$0000002E) for __rt_lib_init_cpp_1
    libinit.o(.ARM.Collect$$libinit$$00000000) refers (Special) to libinit2.o(.ARM.Collect$$libinit$$0000002C) for __rt_lib_init_exceptions_1
    libinit.o(.ARM.Collect$$libinit$$00000000) refers (Special) to libinit2.o(.ARM.Collect$$libinit$$0000001B) for __rt_lib_init_fp_trap_1
    libinit.o(.ARM.Collect$$libinit$$00000000) refers (Special) to libinit2.o(.ARM.Collect$$libinit$$0000001F) for __rt_lib_init_getenv_1
    libinit.o(.ARM.Collect$$libinit$$00000000) refers (Special) to libinit2.o(.ARM.Collect$$libinit$$00000006) for __rt_lib_init_heap_1
    libinit.o(.ARM.Collect$$libinit$$00000000) refers (Special) to libinit2.o(.ARM.Collect$$libinit$$0000000D) for __rt_lib_init_lc_collate_1
    libinit.o(.ARM.Collect$$libinit$$00000000) refers (Special) to libinit2.o(.ARM.Collect$$libinit$$0000000F) for __rt_lib_init_lc_ctype_1
    libinit.o(.ARM.Collect$$libinit$$00000000) refers (Special) to libinit2.o(.ARM.Collect$$libinit$$00000011) for __rt_lib_init_lc_monetary_1
    libinit.o(.ARM.Collect$$libinit$$00000000) refers (Special) to libinit2.o(.ARM.Collect$$libinit$$00000013) for __rt_lib_init_lc_numeric_1
    libinit.o(.ARM.Collect$$libinit$$00000000) refers (Special) to libinit2.o(.ARM.Collect$$libinit$$00000015) for __rt_lib_init_lc_time_1
    libinit.o(.ARM.Collect$$libinit$$00000000) refers (Special) to libinit2.o(.ARM.Collect$$libinit$$0000000A) for __rt_lib_init_rand_1
    libinit.o(.ARM.Collect$$libinit$$00000000) refers (Special) to libinit2.o(.ARM.Collect$$libinit$$0000002F) for __rt_lib_init_return
    libinit.o(.ARM.Collect$$libinit$$00000000) refers (Special) to libinit2.o(.ARM.Collect$$libinit$$00000019) for __rt_lib_init_signal_1
    libinit.o(.ARM.Collect$$libinit$$00000000) refers (Special) to libinit2.o(.ARM.Collect$$libinit$$00000021) for __rt_lib_init_stdio_1
    libinit.o(.ARM.Collect$$libinit$$00000000) refers (Special) to libinit2.o(.ARM.Collect$$libinit$$00000008) for __rt_lib_init_user_alloc_1
    sys_command.o(.text) refers (Special) to use_no_semi.o(.text) for __I$use$semihosting
    libspace.o(.text) refers to libspace.o(.bss) for __libspace_start
    rtexit.o(.ARM.Collect$$rtexit$$00000000) refers (Special) to rtexit2.o(.ARM.Collect$$rtexit$$00000004) for __rt_exit_exit
    rtexit.o(.ARM.Collect$$rtexit$$00000000) refers (Special) to rtexit2.o(.ARM.Collect$$rtexit$$00000003) for __rt_exit_ls
    rtexit.o(.ARM.Collect$$rtexit$$00000000) refers (Special) to rtexit2.o(.ARM.Collect$$rtexit$$00000002) for __rt_exit_prels_1
    rtexit.o(.ARM.exidx) refers (Special) to rtexit2.o(.ARM.Collect$$rtexit$$00000004) for __rt_exit_exit
    rtexit.o(.ARM.exidx) refers (Special) to rtexit2.o(.ARM.Collect$$rtexit$$00000003) for __rt_exit_ls
    rtexit.o(.ARM.exidx) refers (Special) to rtexit2.o(.ARM.Collect$$rtexit$$00000002) for __rt_exit_prels_1
    rtexit.o(.ARM.exidx) refers to rtexit.o(.ARM.Collect$$rtexit$$00000000) for .ARM.Collect$$rtexit$$00000000
    defsig_rtmem_outer.o(.text) refers to defsig_rtmem_inner.o(.text) for __rt_SIGRTMEM_inner
    defsig_rtmem_outer.o(.text) refers to defsig_exit.o(.text) for __sig_exit
    defsig_rtmem_formal.o(.text) refers to rt_raise.o(.text) for __rt_raise
    rtexit2.o(.ARM.Collect$$rtexit$$00000003) refers to libshutdown.o(.ARM.Collect$$libshutdown$$00000000) for __rt_lib_shutdown
    rtexit2.o(.ARM.Collect$$rtexit$$00000004) refers to sys_exit.o(.text) for _sys_exit
    rtexit2.o(.ARM.exidx) refers to rtexit2.o(.ARM.Collect$$rtexit$$00000001) for .ARM.Collect$$rtexit$$00000001
    rtexit2.o(.ARM.exidx) refers to rtexit2.o(.ARM.Collect$$rtexit$$00000002) for .ARM.Collect$$rtexit$$00000002
    rtexit2.o(.ARM.exidx) refers to rtexit2.o(.ARM.Collect$$rtexit$$00000003) for .ARM.Collect$$rtexit$$00000003
    rtexit2.o(.ARM.exidx) refers to rtexit2.o(.ARM.Collect$$rtexit$$00000004) for .ARM.Collect$$rtexit$$00000004
    rt_raise.o(.text) refers to __raise.o(.text) for __raise
    rt_raise.o(.text) refers to sys_exit.o(.text) for _sys_exit
    defsig_exit.o(.text) refers to sys_exit.o(.text) for _sys_exit
    defsig_rtmem_inner.o(.text) refers to defsig_general.o(.text) for __default_signal_display
    sys_exit.o(.text) refers to use_no_semi.o(.text) for __I$use$semihosting
    __raise.o(.text) refers to defsig.o(CL$$defsig) for __default_signal_handler
    defsig_general.o(.text) refers to sys_wrch.o(.text) for _ttywrch
    libshutdown.o(.ARM.Collect$$libshutdown$$00000000) refers (Special) to libshutdown2.o(.ARM.Collect$$libshutdown$$00000006) for __rt_lib_shutdown_fp_trap_1
    libshutdown.o(.ARM.Collect$$libshutdown$$00000000) refers (Special) to libshutdown2.o(.ARM.Collect$$libshutdown$$0000000E) for __rt_lib_shutdown_heap_1
    libshutdown.o(.ARM.Collect$$libshutdown$$00000000) refers (Special) to libshutdown2.o(.ARM.Collect$$libshutdown$$0000000F) for __rt_lib_shutdown_return
    libshutdown.o(.ARM.Collect$$libshutdown$$00000000) refers (Special) to libshutdown2.o(.ARM.Collect$$libshutdown$$00000009) for __rt_lib_shutdown_signal_1
    libshutdown.o(.ARM.Collect$$libshutdown$$00000000) refers (Special) to libshutdown2.o(.ARM.Collect$$libshutdown$$00000003) for __rt_lib_shutdown_stdio_1
    libshutdown.o(.ARM.Collect$$libshutdown$$00000000) refers (Special) to libshutdown2.o(.ARM.Collect$$libshutdown$$0000000B) for __rt_lib_shutdown_user_alloc_1
    sys_wrch.o(.text) refers (Special) to use_no_semi.o(.text) for __I$use$semihosting
    defsig.o(CL$$defsig) refers to defsig_rtmem_inner.o(.text) for __rt_SIGRTMEM_inner
    defsig_abrt_inner.o(.text) refers to defsig_general.o(.text) for __default_signal_display
    defsig_fpe_inner.o(.text) refers to defsig_general.o(.text) for __default_signal_display
    defsig_rtred_inner.o(.text) refers to defsig_general.o(.text) for __default_signal_display
    defsig_stak_inner.o(.text) refers to defsig_general.o(.text) for __default_signal_display
    defsig_pvfn_inner.o(.text) refers to defsig_general.o(.text) for __default_signal_display
    defsig_cppl_inner.o(.text) refers to defsig_general.o(.text) for __default_signal_display
    defsig_segv_inner.o(.text) refers to defsig_general.o(.text) for __default_signal_display
    defsig_other.o(.text) refers to defsig_general.o(.text) for __default_signal_display


==============================================================================

Removing Unused input sections from the image.

    Removing si4431.o(.text), (1444 bytes).
    Removing si4431.o(.bss), (114 bytes).
    Removing si4431.o(.data), (14 bytes).
    Removing constant.o(.constdata), (120 bytes).
    Removing stm32f10x_pwr.o(.text), (212 bytes).

5 unused section(s) (total 1904 bytes) removed from the image.

==============================================================================

Image Symbol Table

    Local Symbols

    Symbol Name                              Value     Ov Type        Size  Object(Section)

    ../../angel/boardlib.s                   0x00000000   Number         0  boardshut.o ABSOLUTE
    ../../angel/boardlib.s                   0x00000000   Number         0  boardinit1.o ABSOLUTE
    ../../angel/boardlib.s                   0x00000000   Number         0  boardinit2.o ABSOLUTE
    ../../angel/boardlib.s                   0x00000000   Number         0  boardinit3.o ABSOLUTE
    ../../angel/handlers.s                   0x00000000   Number         0  __scatter_copy.o ABSOLUTE
    ../../angel/handlers.s                   0x00000000   Number         0  __scatter_zi.o ABSOLUTE
    ../../angel/kernel.s                     0x00000000   Number         0  rtexit.o ABSOLUTE
    ../../angel/kernel.s                     0x00000000   Number         0  rtentry2.o ABSOLUTE
    ../../angel/kernel.s                     0x00000000   Number         0  rtexit2.o ABSOLUTE
    ../../angel/kernel.s                     0x00000000   Number         0  rtentry.o ABSOLUTE
    ../../angel/kernel.s                     0x00000000   Number         0  rtentry4.o ABSOLUTE
    ../../angel/rt.s                         0x00000000   Number         0  rt_raise.o ABSOLUTE
    ../../angel/scatter.s                    0x00000000   Number         0  __scatter.o ABSOLUTE
    ../../angel/startup.s                    0x00000000   Number         0  __main.o ABSOLUTE
    ../../angel/sys.s                        0x00000000   Number         0  libspace.o ABSOLUTE
    ../../angel/sys.s                        0x00000000   Number         0  sys_exit.o ABSOLUTE
    ../../angel/sys.s                        0x00000000   Number         0  sys_stackheap_outer.o ABSOLUTE
    ../../angel/sys.s                        0x00000000   Number         0  use_no_semi.o ABSOLUTE
    ../../angel/sysapp.c                     0x00000000   Number         0  sys_wrch.o ABSOLUTE
    ../../angel/sysapp.c                     0x00000000   Number         0  sys_command.o ABSOLUTE
    ../../armsys.c                           0x00000000   Number         0  no_argv.o ABSOLUTE
    ../../armsys.c                           0x00000000   Number         0  argv_veneer.o ABSOLUTE
    ../../armsys.c                           0x00000000   Number         0  _get_argv_nomalloc.o ABSOLUTE
    ../../armsys.c                           0x00000000   Number         0  argv_veneer.o ABSOLUTE
    ../../fpinit.s                           0x00000000   Number         0  fpinit.o ABSOLUTE
    ../../heapalloc.c                        0x00000000   Number         0  hrguard.o ABSOLUTE
    ../../heapaux.c                          0x00000000   Number         0  heapauxi.o ABSOLUTE
    ../../libinit.s                          0x00000000   Number         0  libshutdown.o ABSOLUTE
    ../../libinit.s                          0x00000000   Number         0  libinit.o ABSOLUTE
    ../../libinit.s                          0x00000000   Number         0  libinit2.o ABSOLUTE
    ../../libinit.s                          0x00000000   Number         0  libshutdown2.o ABSOLUTE
    ../../memcpset.s                         0x00000000   Number         0  rt_memcpy_w.o ABSOLUTE
    ../../signal.c                           0x00000000   Number         0  defsig_fpe_inner.o ABSOLUTE
    ../../signal.c                           0x00000000   Number         0  defsig_rtmem_outer.o ABSOLUTE
    ../../signal.c                           0x00000000   Number         0  defsig_rtmem_formal.o ABSOLUTE
    ../../signal.c                           0x00000000   Number         0  defsig_exit.o ABSOLUTE
    ../../signal.c                           0x00000000   Number         0  defsig_rtmem_inner.o ABSOLUTE
    ../../signal.c                           0x00000000   Number         0  __raise.o ABSOLUTE
    ../../signal.c                           0x00000000   Number         0  defsig_general.o ABSOLUTE
    ../../signal.c                           0x00000000   Number         0  defsig_abrt_inner.o ABSOLUTE
    ../../signal.c                           0x00000000   Number         0  defsig_rtred_inner.o ABSOLUTE
    ../../signal.c                           0x00000000   Number         0  defsig_other.o ABSOLUTE
    ../../signal.c                           0x00000000   Number         0  defsig_segv_inner.o ABSOLUTE
    ../../signal.c                           0x00000000   Number         0  defsig_cppl_inner.o ABSOLUTE
    ../../signal.c                           0x00000000   Number         0  defsig_pvfn_inner.o ABSOLUTE
    ../../signal.c                           0x00000000   Number         0  defsig_stak_inner.o ABSOLUTE
    ../../signal.s                           0x00000000   Number         0  defsig.o ABSOLUTE
    ../../stdlib.c                           0x00000000   Number         0  rand.o ABSOLUTE
    ../../stdlib.c                           0x00000000   Number         0  exit.o ABSOLUTE
    D:\program\JK\SI443x\Si4431Mst_H110110\Source\src\si4431.c 0x00000000   Number         0  si4431.o ABSOLUTE
    Libraries_V3.3.0\CMSIS\CM3\DeviceSupport\ST\STM32F10x\startup\arm\startup_stm32f10x_hd.s 0x00000000   Number         0  startup_stm32f10x_hd.o ABSOLUTE
    Libraries_V3.3.0\CMSIS\CM3\DeviceSupport\ST\STM32F10x\system_stm32f10x.c 0x00000000   Number         0  system_stm32f10x.o ABSOLUTE
    Libraries_V3.3.0\STM32F10x_StdPeriph_Driver\src\misc.c 0x00000000   Number         0  misc.o ABSOLUTE
    Libraries_V3.3.0\STM32F10x_StdPeriph_Driver\src\stm32f10x_exti.c 0x00000000   Number         0  stm32f10x_exti.o ABSOLUTE
    Libraries_V3.3.0\STM32F10x_StdPeriph_Driver\src\stm32f10x_flash.c 0x00000000   Number         0  stm32f10x_flash.o ABSOLUTE
    Libraries_V3.3.0\STM32F10x_StdPeriph_Driver\src\stm32f10x_gpio.c 0x00000000   Number         0  stm32f10x_gpio.o ABSOLUTE
    Libraries_V3.3.0\STM32F10x_StdPeriph_Driver\src\stm32f10x_pwr.c 0x00000000   Number         0  stm32f10x_pwr.o ABSOLUTE
    Libraries_V3.3.0\STM32F10x_StdPeriph_Driver\src\stm32f10x_rcc.c 0x00000000   Number         0  stm32f10x_rcc.o ABSOLUTE
    Libraries_V3.3.0\STM32F10x_StdPeriph_Driver\src\stm32f10x_spi.c 0x00000000   Number         0  stm32f10x_spi.o ABSOLUTE
    Libraries_V3.3.0\STM32F10x_StdPeriph_Driver\src\stm32f10x_tim.c 0x00000000   Number         0  stm32f10x_tim.o ABSOLUTE
    Libraries_V3.3.0\STM32F10x_StdPeriph_Driver\src\stm32f10x_usart.c 0x00000000   Number         0  stm32f10x_usart.o ABSOLUTE
    Source\src\24L01API.c                    0x00000000   Number         0  24l01api.o ABSOLUTE
    Source\src\24L01App.c                    0x00000000   Number         0  24l01app.o ABSOLUTE
    Source\src\Global.c                      0x00000000   Number         0  global.o ABSOLUTE
    Source\src\Init.c                        0x00000000   Number         0  init.o ABSOLUTE
    Source\src\SPICom.c                      0x00000000   Number         0  spicom.o ABSOLUTE
    Source\src\UsartCom.c                    0x00000000   Number         0  usartcom.o ABSOLUTE
    Source\src\constant.c                    0x00000000   Number         0  constant.o ABSOLUTE
    Source\src\main.c                        0x00000000   Number         0  main.o ABSOLUTE
    Source\src\stm32f10x_it.c                0x00000000   Number         0  stm32f10x_it.o ABSOLUTE
    dc.s                                     0x00000000   Number         0  dc.o ABSOLUTE
    RESET                                    0x08000000   Section      304  startup_stm32f10x_hd.o(RESET)
    !!!main                                  0x08000130   Section        8  __main.o(!!!main)
    !!!scatter                               0x08000138   Section       52  __scatter.o(!!!scatter)
    !!handler_copy                           0x0800016c   Section       26  __scatter_copy.o(!!handler_copy)
    !!handler_zi                             0x08000188   Section       28  __scatter_zi.o(!!handler_zi)
    .ARM.Collect$$libinit$$00000000          0x080001a4   Section        6  libinit.o(.ARM.Collect$$libinit$$00000000)
    .ARM.Collect$$libinit$$00000006          0x080001aa   Section        0  libinit2.o(.ARM.Collect$$libinit$$00000006)
    .ARM.Collect$$libinit$$00000008          0x080001aa   Section        0  libinit2.o(.ARM.Collect$$libinit$$00000008)
    .ARM.Collect$$libinit$$00000009          0x080001aa   Section        4  libinit2.o(.ARM.Collect$$libinit$$00000009)
    .ARM.Collect$$libinit$$0000000A          0x080001ae   Section        0  libinit2.o(.ARM.Collect$$libinit$$0000000A)
    .ARM.Collect$$libinit$$0000000D          0x080001ae   Section        0  libinit2.o(.ARM.Collect$$libinit$$0000000D)
    .ARM.Collect$$libinit$$0000000F          0x080001ae   Section        0  libinit2.o(.ARM.Collect$$libinit$$0000000F)
    .ARM.Collect$$libinit$$00000011          0x080001ae   Section        0  libinit2.o(.ARM.Collect$$libinit$$00000011)
    .ARM.Collect$$libinit$$00000013          0x080001ae   Section        0  libinit2.o(.ARM.Collect$$libinit$$00000013)
    .ARM.Collect$$libinit$$00000015          0x080001ae   Section        0  libinit2.o(.ARM.Collect$$libinit$$00000015)
    .ARM.Collect$$libinit$$00000017          0x080001ae   Section        0  libinit2.o(.ARM.Collect$$libinit$$00000017)
    .ARM.Collect$$libinit$$00000019          0x080001ae   Section        0  libinit2.o(.ARM.Collect$$libinit$$00000019)
    .ARM.Collect$$libinit$$0000001B          0x080001ae   Section        0  libinit2.o(.ARM.Collect$$libinit$$0000001B)
    .ARM.Collect$$libinit$$0000001D          0x080001ae   Section        0  libinit2.o(.ARM.Collect$$libinit$$0000001D)
    .ARM.Collect$$libinit$$0000001F          0x080001ae   Section        0  libinit2.o(.ARM.Collect$$libinit$$0000001F)
    .ARM.Collect$$libinit$$00000021          0x080001ae   Section        0  libinit2.o(.ARM.Collect$$libinit$$00000021)
    .ARM.Collect$$libinit$$00000028          0x080001ae   Section        0  libinit2.o(.ARM.Collect$$libinit$$00000028)
    .ARM.Collect$$libinit$$0000002A          0x080001ae   Section        0  libinit2.o(.ARM.Collect$$libinit$$0000002A)
    .ARM.Collect$$libinit$$0000002C          0x080001ae   Section        0  libinit2.o(.ARM.Collect$$libinit$$0000002C)
    .ARM.Collect$$libinit$$0000002E          0x080001ae   Section        0  libinit2.o(.ARM.Collect$$libinit$$0000002E)
    .ARM.Collect$$libinit$$0000002F          0x080001ae   Section        2  libinit2.o(.ARM.Collect$$libinit$$0000002F)
    .ARM.Collect$$libshutdown$$00000000      0x080001b0   Section        2  libshutdown.o(.ARM.Collect$$libshutdown$$00000000)
    .ARM.Collect$$libshutdown$$00000003      0x080001b2   Section        0  libshutdown2.o(.ARM.Collect$$libshutdown$$00000003)
    .ARM.Collect$$libshutdown$$00000006      0x080001b2   Section        0  libshutdown2.o(.ARM.Collect$$libshutdown$$00000006)
    .ARM.Collect$$libshutdown$$00000009      0x080001b2   Section        0  libshutdown2.o(.ARM.Collect$$libshutdown$$00000009)
    .ARM.Collect$$libshutdown$$0000000B      0x080001b2   Section        0  libshutdown2.o(.ARM.Collect$$libshutdown$$0000000B)
    .ARM.Collect$$libshutdown$$0000000E      0x080001b2   Section        0  libshutdown2.o(.ARM.Collect$$libshutdown$$0000000E)
    .ARM.Collect$$libshutdown$$0000000F      0x080001b2   Section        2  libshutdown2.o(.ARM.Collect$$libshutdown$$0000000F)
    .ARM.Collect$$rtentry$$00000000          0x080001b4   Section        0  rtentry.o(.ARM.Collect$$rtentry$$00000000)
    .ARM.Collect$$rtentry$$00000002          0x080001b4   Section        0  rtentry2.o(.ARM.Collect$$rtentry$$00000002)
    .ARM.Collect$$rtentry$$00000004          0x080001b4   Section        6  rtentry4.o(.ARM.Collect$$rtentry$$00000004)
    .ARM.Collect$$rtentry$$00000009          0x080001ba   Section        0  rtentry2.o(.ARM.Collect$$rtentry$$00000009)
    .ARM.Collect$$rtentry$$0000000A          0x080001ba   Section        4  rtentry2.o(.ARM.Collect$$rtentry$$0000000A)
    .ARM.Collect$$rtentry$$0000000C          0x080001be   Section        0  rtentry2.o(.ARM.Collect$$rtentry$$0000000C)
    .ARM.Collect$$rtentry$$0000000D          0x080001be   Section        8  rtentry2.o(.ARM.Collect$$rtentry$$0000000D)
    .ARM.Collect$$rtexit$$00000000           0x080001c6   Section        0  rtexit.o(.ARM.Collect$$rtexit$$00000000)
    .ARM.Collect$$rtexit$$00000002           0x080001c6   Section        0  rtexit2.o(.ARM.Collect$$rtexit$$00000002)
    .ARM.Collect$$rtexit$$00000003           0x080001c6   Section        4  rtexit2.o(.ARM.Collect$$rtexit$$00000003)
    .ARM.Collect$$rtexit$$00000004           0x080001ca   Section        4  rtexit2.o(.ARM.Collect$$rtexit$$00000004)
    .text                                    0x080001d0   Section       36  main.o(.text)
    .text                                    0x080001f4   Section     1824  init.o(.text)
    .text                                    0x08000914   Section      252  global.o(.text)
    .text                                    0x08000a10   Section      736  spicom.o(.text)
    .text                                    0x08000cf0   Section      956  stm32f10x_it.o(.text)
    .text                                    0x080010ac   Section      424  usartcom.o(.text)
    .text                                    0x08001254   Section     1696  24l01app.o(.text)
    .text                                    0x080018f4   Section     1488  24l01api.o(.text)
    .text                                    0x08001ec4   Section       64  startup_stm32f10x_hd.o(.text)
    .text                                    0x08001f04   Section      224  misc.o(.text)
    .text                                    0x08001fe4   Section     1508  stm32f10x_flash.o(.text)
    .text                                    0x080025c8   Section      780  stm32f10x_spi.o(.text)
    .text                                    0x080028d4   Section      912  stm32f10x_rcc.o(.text)
    .text                                    0x08002c64   Section      840  stm32f10x_gpio.o(.text)
    .text                                    0x08002fac   Section      444  system_stm32f10x.o(.text)
    SetSysClockTo72                          0x08002fad   Thumb Code   192  system_stm32f10x.o(.text)
    SetSysClock                              0x0800306d   Thumb Code     8  system_stm32f10x.o(.text)
    .text                                    0x08003168   Section      304  stm32f10x_exti.o(.text)
    .text                                    0x08003298   Section     1032  stm32f10x_usart.o(.text)
    .text                                    0x080036a0   Section     3174  stm32f10x_tim.o(.text)
    TI4_Config                               0x08003b29   Thumb Code    64  stm32f10x_tim.o(.text)
    TI3_Config                               0x08003b7b   Thumb Code    60  stm32f10x_tim.o(.text)
    TI2_Config                               0x08003bcd   Thumb Code    64  stm32f10x_tim.o(.text)
    TI1_Config                               0x08003c1f   Thumb Code    50  stm32f10x_tim.o(.text)
    .text                                    0x08004308   Section      120  rand.o(.text)
    .text                                    0x08004380   Section      100  rt_memcpy_w.o(.text)
    .text                                    0x080043e4   Section        6  heapauxi.o(.text)
    .text                                    0x080043ea   Section       74  sys_stackheap_outer.o(.text)
    .text                                    0x08004434   Section       12  exit.o(.text)
    .text                                    0x08004440   Section        8  libspace.o(.text)
    .text                                    0x08004448   Section        2  use_no_semi.o(.text)
    .text                                    0x0800444c   Section       20  sys_exit.o(.text)
    .constdata                               0x08004460   Section      176  24l01app.o(.constdata)
    .data                                    0x20000000   Section      116  global.o(.data)
    .data                                    0x20000074   Section       44  spicom.o(.data)
    .data                                    0x200000a0   Section       12  usartcom.o(.data)
    .data                                    0x200000ac   Section       68  24l01api.o(.data)
    .data                                    0x200000f0   Section       20  stm32f10x_rcc.o(.data)
    APBAHBPrescTable                         0x200000f0   Data          16  stm32f10x_rcc.o(.data)
    ADCPrescTable                            0x20000100   Data           4  stm32f10x_rcc.o(.data)
    .data                                    0x20000104   Section       20  system_stm32f10x.o(.data)
    .data                                    0x20000118   Section        8  rand.o(.data)
    _random_j                                0x20000118   Data           4  rand.o(.data)
    _random_k                                0x2000011c   Data           4  rand.o(.data)
    .bss                                     0x20000120   Section     1156  spicom.o(.bss)
    .bss                                     0x200005a4   Section     1380  usartcom.o(.bss)
    .bss                                     0x20000b08   Section      108  24l01api.o(.bss)
    .bss                                     0x20000b74   Section      220  rand.o(.bss)
    _random_number_seed                      0x20000b74   Data         220  rand.o(.bss)
    .bss                                     0x20000c50   Section       96  libspace.o(.bss)
    HEAP                                     0x20000cb0   Section      512  startup_stm32f10x_hd.o(HEAP)
    Heap_Mem                                 0x20000cb0   Data         512  startup_stm32f10x_hd.o(HEAP)
    STACK                                    0x20000eb0   Section     1024  startup_stm32f10x_hd.o(STACK)
    Stack_Mem                                0x20000eb0   Data        1024  startup_stm32f10x_hd.o(STACK)
    __initial_sp                             0x200012b0   Data           0  startup_stm32f10x_hd.o(STACK)

    Global Symbols

    Symbol Name                              Value     Ov Type        Size  Object(Section)

    BuildAttributes$$THM_ISAv4$P$D$K$B$S$PE$A:L22UL41UL21$X:L11$S22US41US21$IEEE1$IW$USESV6$~STKCKD$USESV7$~SHL$OSPACE$ROPI$EBA8$UX$STANDARDLIB$REQ8$PRES8$EABIv2 0x00000000   Number         0  anon$$obj.o ABSOLUTE
    __ARM_use_no_argv                        0x00000000   Number         0  main.o ABSOLUTE
    __ARM_exceptions_init                     - Undefined Weak Reference
    __alloca_initialize                       - Undefined Weak Reference
    __cpp_initialize__aeabi_                  - Undefined Weak Reference
    __cxa_finalize                            - Undefined Weak Reference
    __rt_locale                               - Undefined Weak Reference
    __sigvec_lookup                           - Undefined Weak Reference
    _atexit_init                              - Undefined Weak Reference
    _call_atexit_fns                          - Undefined Weak Reference
    _clock_init                               - Undefined Weak Reference
    _fp_trap_init                             - Undefined Weak Reference
    _fp_trap_shutdown                         - Undefined Weak Reference
    _get_lc_collate                           - Undefined Weak Reference
    _get_lc_ctype                             - Undefined Weak Reference
    _get_lc_monetary                          - Undefined Weak Reference
    _get_lc_numeric                           - Undefined Weak Reference
    _get_lc_time                              - Undefined Weak Reference
    _getenv_init                              - Undefined Weak Reference
    _handle_redirection                       - Undefined Weak Reference
    _init_alloc                               - Undefined Weak Reference
    _init_user_alloc                          - Undefined Weak Reference
    _initio                                   - Undefined Weak Reference
    _signal_finish                            - Undefined Weak Reference
    _signal_init                              - Undefined Weak Reference
    _terminate_alloc                          - Undefined Weak Reference
    _terminate_user_alloc                     - Undefined Weak Reference
    _terminateio                              - Undefined Weak Reference
    __Vectors_Size                           0x00000130   Number         0  startup_stm32f10x_hd.o ABSOLUTE
    __Vectors                                0x08000000   Data           4  startup_stm32f10x_hd.o(RESET)
    __Vectors_End                            0x08000130   Data           0  startup_stm32f10x_hd.o(RESET)
    __main                                   0x08000131   Thumb Code     8  __main.o(!!!main)
    __scatterload                            0x08000139   Thumb Code     0  __scatter.o(!!!scatter)
    __scatterload_rt2                        0x08000139   Thumb Code    44  __scatter.o(!!!scatter)
    __scatterload_rt2_thumb_only             0x08000139   Thumb Code     0  __scatter.o(!!!scatter)
    __scatterload_null                       0x08000147   Thumb Code     0  __scatter.o(!!!scatter)
    __scatterload_copy                       0x0800016d   Thumb Code    26  __scatter_copy.o(!!handler_copy)
    __scatterload_zeroinit                   0x08000189   Thumb Code    28  __scatter_zi.o(!!handler_zi)
    __rt_lib_init                            0x080001a5   Thumb Code     0  libinit.o(.ARM.Collect$$libinit$$00000000)
    __rt_lib_init_heap_1                     0x080001ab   Thumb Code     0  libinit2.o(.ARM.Collect$$libinit$$00000006)
    __rt_lib_init_rand_2                     0x080001ab   Thumb Code     0  libinit2.o(.ARM.Collect$$libinit$$00000009)
    __rt_lib_init_user_alloc_1               0x080001ab   Thumb Code     0  libinit2.o(.ARM.Collect$$libinit$$00000008)
    __rt_lib_init_alloca_1                   0x080001af   Thumb Code     0  libinit2.o(.ARM.Collect$$libinit$$0000002A)
    __rt_lib_init_argv_1                     0x080001af   Thumb Code     0  libinit2.o(.ARM.Collect$$libinit$$00000028)
    __rt_lib_init_atexit_1                   0x080001af   Thumb Code     0  libinit2.o(.ARM.Collect$$libinit$$00000017)
    __rt_lib_init_clock_1                    0x080001af   Thumb Code     0  libinit2.o(.ARM.Collect$$libinit$$0000001D)
    __rt_lib_init_cpp_1                      0x080001af   Thumb Code     0  libinit2.o(.ARM.Collect$$libinit$$0000002E)
    __rt_lib_init_exceptions_1               0x080001af   Thumb Code     0  libinit2.o(.ARM.Collect$$libinit$$0000002C)
    __rt_lib_init_fp_trap_1                  0x080001af   Thumb Code     0  libinit2.o(.ARM.Collect$$libinit$$0000001B)
    __rt_lib_init_getenv_1                   0x080001af   Thumb Code     0  libinit2.o(.ARM.Collect$$libinit$$0000001F)
    __rt_lib_init_lc_collate_1               0x080001af   Thumb Code     0  libinit2.o(.ARM.Collect$$libinit$$0000000D)
    __rt_lib_init_lc_ctype_1                 0x080001af   Thumb Code     0  libinit2.o(.ARM.Collect$$libinit$$0000000F)
    __rt_lib_init_lc_monetary_1              0x080001af   Thumb Code     0  libinit2.o(.ARM.Collect$$libinit$$00000011)
    __rt_lib_init_lc_numeric_1               0x080001af   Thumb Code     0  libinit2.o(.ARM.Collect$$libinit$$00000013)
    __rt_lib_init_lc_time_1                  0x080001af   Thumb Code     0  libinit2.o(.ARM.Collect$$libinit$$00000015)
    __rt_lib_init_rand_1                     0x080001af   Thumb Code     0  libinit2.o(.ARM.Collect$$libinit$$0000000A)
    __rt_lib_init_return                     0x080001af   Thumb Code     0  libinit2.o(.ARM.Collect$$libinit$$0000002F)
    __rt_lib_init_signal_1                   0x080001af   Thumb Code     0  libinit2.o(.ARM.Collect$$libinit$$00000019)
    __rt_lib_init_stdio_1                    0x080001af   Thumb Code     0  libinit2.o(.ARM.Collect$$libinit$$00000021)
    __rt_lib_shutdown                        0x080001b1   Thumb Code     0  libshutdown.o(.ARM.Collect$$libshutdown$$00000000)
    __rt_lib_shutdown_fp_trap_1              0x080001b3   Thumb Code     0  libshutdown2.o(.ARM.Collect$$libshutdown$$00000006)
    __rt_lib_shutdown_heap_1                 0x080001b3   Thumb Code     0  libshutdown2.o(.ARM.Collect$$libshutdown$$0000000E)
    __rt_lib_shutdown_return                 0x080001b3   Thumb Code     0  libshutdown2.o(.ARM.Collect$$libshutdown$$0000000F)
    __rt_lib_shutdown_signal_1               0x080001b3   Thumb Code     0  libshutdown2.o(.ARM.Collect$$libshutdown$$00000009)
    __rt_lib_shutdown_stdio_1                0x080001b3   Thumb Code     0  libshutdown2.o(.ARM.Collect$$libshutdown$$00000003)
    __rt_lib_shutdown_user_alloc_1           0x080001b3   Thumb Code     0  libshutdown2.o(.ARM.Collect$$libshutdown$$0000000B)
    __rt_entry                               0x080001b5   Thumb Code     0  rtentry.o(.ARM.Collect$$rtentry$$00000000)
    __rt_entry_presh_1                       0x080001b5   Thumb Code     0  rtentry2.o(.ARM.Collect$$rtentry$$00000002)
    __rt_entry_sh                            0x080001b5   Thumb Code     0  rtentry4.o(.ARM.Collect$$rtentry$$00000004)
    __rt_entry_li                            0x080001bb   Thumb Code     0  rtentry2.o(.ARM.Collect$$rtentry$$0000000A)
    __rt_entry_postsh_1                      0x080001bb   Thumb Code     0  rtentry2.o(.ARM.Collect$$rtentry$$00000009)
    __rt_entry_main                          0x080001bf   Thumb Code     0  rtentry2.o(.ARM.Collect$$rtentry$$0000000D)
    __rt_entry_postli_1                      0x080001bf   Thumb Code     0  rtentry2.o(.ARM.Collect$$rtentry$$0000000C)
    __rt_exit                                0x080001c7   Thumb Code     0  rtexit.o(.ARM.Collect$$rtexit$$00000000)
    __rt_exit_ls                             0x080001c7   Thumb Code     0  rtexit2.o(.ARM.Collect$$rtexit$$00000003)
    __rt_exit_prels_1                        0x080001c7   Thumb Code     0  rtexit2.o(.ARM.Collect$$rtexit$$00000002)
    __rt_exit_exit                           0x080001cb   Thumb Code     0  rtexit2.o(.ARM.Collect$$rtexit$$00000004)
    main                                     0x080001d1   Thumb Code    30  main.o(.text)
    VarInit                                  0x080001f5   Thumb Code   206  init.o(.text)
    TIM2_Config                              0x080002c3   Thumb Code   214  init.o(.text)
    TIM3_Config                              0x08000399   Thumb Code    70  init.o(.text)
    USART_Config                             0x080003df   Thumb Code   362  init.o(.text)
    NVIC_Configuration                       0x08000549   Thumb Code   252  init.o(.text)
    SPI_Config                               0x08000645   Thumb Code   126  init.o(.text)
    SysTick_Configurations                   0x080006c3   Thumb Code    18  init.o(.text)
    GPIO_Configuration                       0x080006d5   Thumb Code   386  init.o(.text)
    RCC_Configuration                        0x08000857   Thumb Code   116  init.o(.text)
    SysInit_Config                           0x080008cb   Thumb Code    40  init.o(.text)
    DelayUs                                  0x08000915   Thumb Code    48  global.o(.text)
    DelayCom                                 0x08000945   Thumb Code    12  global.o(.text)
    Buffercmp                                0x08000951   Thumb Code    36  global.o(.text)
    Hash                                     0x08000975   Thumb Code    30  global.o(.text)
    MsgInsrt                                 0x08000993   Thumb Code    46  global.o(.text)
    MyStrLen                                 0x080009c1   Thumb Code    26  global.o(.text)
    ReadRunTime                              0x080009db   Thumb Code    28  global.o(.text)
    CheckTimeInterval                        0x080009f7   Thumb Code    14  global.o(.text)
    SPI1Rx_Parse                             0x08000a11   Thumb Code   224  spicom.o(.text)
    SPI2Rx_Parse                             0x08000af1   Thumb Code   440  spicom.o(.text)
    NMI_Handler                              0x08000cf1   Thumb Code     2  stm32f10x_it.o(.text)
    HardFault_Handler                        0x08000cf3   Thumb Code     4  stm32f10x_it.o(.text)
    MemManage_Handler                        0x08000cf7   Thumb Code     4  stm32f10x_it.o(.text)
    BusFault_Handler                         0x08000cfb   Thumb Code     4  stm32f10x_it.o(.text)
    UsageFault_Handler                       0x08000cff   Thumb Code     4  stm32f10x_it.o(.text)
    DebugMon_Handler                         0x08000d03   Thumb Code     2  stm32f10x_it.o(.text)
    SVC_Handler                              0x08000d05   Thumb Code     2  stm32f10x_it.o(.text)
    PendSV_Handler                           0x08000d07   Thumb Code     2  stm32f10x_it.o(.text)
    SysTick_Handler                          0x08000d09   Thumb Code    26  stm32f10x_it.o(.text)
    EXTI0_IRQHandler                         0x08000d23   Thumb Code   228  stm32f10x_it.o(.text)
    EXTI9_5_IRQHandler                       0x08000e07   Thumb Code   268  stm32f10x_it.o(.text)
    TIM2_IRQHandler                          0x08000f13   Thumb Code   134  stm32f10x_it.o(.text)
    TIM3_IRQHandler                          0x08000f99   Thumb Code    64  stm32f10x_it.o(.text)
    USART1_IRQHandler                        0x08000fd9   Thumb Code   104  stm32f10x_it.o(.text)
    Usart_SendString                         0x080010ad   Thumb Code    34  usartcom.o(.text)
    Usart_SendString_End                     0x080010cf   Thumb Code    44  usartcom.o(.text)
    Usart_SendByte                           0x080010fb   Thumb Code    14  usartcom.o(.text)
    CmdApply                                 0x08001109   Thumb Code   110  usartcom.o(.text)
    Usart1_Rx_Parse                          0x08001177   Thumb Code   188  usartcom.o(.text)
    FreHopping                               0x08001255   Thumb Code    46  24l01app.o(.text)
    RandomDelayUs                            0x08001283   Thumb Code    28  24l01app.o(.text)
    NetConnect                               0x0800129f   Thumb Code    72  24l01app.o(.text)
    NewConnect                               0x080012e7   Thumb Code   312  24l01app.o(.text)
    HeartBeat                                0x0800141f   Thumb Code   110  24l01app.o(.text)
    CheckConnect                             0x0800148d   Thumb Code   200  24l01app.o(.text)
    Synchronize                              0x08001555   Thumb Code   108  24l01app.o(.text)
    SPI2_CMDCNT                              0x080015c1   Thumb Code    54  24l01app.o(.text)
    Broadcast                                0x080015f7   Thumb Code   150  24l01app.o(.text)
    DataSend                                 0x0800168d   Thumb Code   238  24l01app.o(.text)
    DataReceive                              0x0800177b   Thumb Code   218  24l01app.o(.text)
    SysRun                                   0x08001855   Thumb Code    94  24l01app.o(.text)
    SPI1_RW                                  0x080018f5   Thumb Code    38  24l01api.o(.text)
    SPI1_RW_Reg                              0x0800191b   Thumb Code    48  24l01api.o(.text)
    Init_NRF24L01_SPI1                       0x0800194b   Thumb Code    96  24l01api.o(.text)
    SPI2_RW                                  0x080019ab   Thumb Code    38  24l01api.o(.text)
    SPI2_RW_Reg                              0x080019d1   Thumb Code    48  24l01api.o(.text)
    Init_NRF24L01_SPI2                       0x08001a01   Thumb Code   148  24l01api.o(.text)
    SPI1_Read                                0x08001a95   Thumb Code    46  24l01api.o(.text)
    SPI1_Read_Buf                            0x08001ac3   Thumb Code    76  24l01api.o(.text)
    SPI1_Write_Buf                           0x08001b0f   Thumb Code    74  24l01api.o(.text)
    SetSPI1_RXMode                           0x08001b59   Thumb Code   146  24l01api.o(.text)
    SetSPI1_TXMode                           0x08001beb   Thumb Code    66  24l01api.o(.text)
    nRF24L01_SPI1_RxPacket                   0x08001c2d   Thumb Code    64  24l01api.o(.text)
    nRF24L01_SPI1_TxPacket                   0x08001c6d   Thumb Code    46  24l01api.o(.text)
    SPI2_Read                                0x08001c9b   Thumb Code    46  24l01api.o(.text)
    SPI2_Read_Buf                            0x08001cc9   Thumb Code    92  24l01api.o(.text)
    SPI2_Write_Buf                           0x08001d25   Thumb Code    74  24l01api.o(.text)
    SetSPI2_RXMode                           0x08001d6f   Thumb Code   148  24l01api.o(.text)
    SetSPI2_TXMode                           0x08001e03   Thumb Code    64  24l01api.o(.text)
    nRF24L01_SPI2_RxPacket                   0x08001e43   Thumb Code    76  24l01api.o(.text)
    nRF24L01_SPI2_TxPacket                   0x08001e8f   Thumb Code    46  24l01api.o(.text)
    Reset_Handler                            0x08001ec5   Thumb Code     8  startup_stm32f10x_hd.o(.text)
    ADC1_2_IRQHandler                        0x08001edf   Thumb Code     0  startup_stm32f10x_hd.o(.text)
    ADC3_IRQHandler                          0x08001edf   Thumb Code     0  startup_stm32f10x_hd.o(.text)
    CAN1_RX1_IRQHandler                      0x08001edf   Thumb Code     0  startup_stm32f10x_hd.o(.text)
    CAN1_SCE_IRQHandler                      0x08001edf   Thumb Code     0  startup_stm32f10x_hd.o(.text)
    DMA1_Channel1_IRQHandler                 0x08001edf   Thumb Code     0  startup_stm32f10x_hd.o(.text)
    DMA1_Channel2_IRQHandler                 0x08001edf   Thumb Code     0  startup_stm32f10x_hd.o(.text)
    DMA1_Channel3_IRQHandler                 0x08001edf   Thumb Code     0  startup_stm32f10x_hd.o(.text)
    DMA1_Channel4_IRQHandler                 0x08001edf   Thumb Code     0  startup_stm32f10x_hd.o(.text)
    DMA1_Channel5_IRQHandler                 0x08001edf   Thumb Code     0  startup_stm32f10x_hd.o(.text)
    DMA1_Channel6_IRQHandler                 0x08001edf   Thumb Code     0  startup_stm32f10x_hd.o(.text)
    DMA1_Channel7_IRQHandler                 0x08001edf   Thumb Code     0  startup_stm32f10x_hd.o(.text)
    DMA2_Channel1_IRQHandler                 0x08001edf   Thumb Code     0  startup_stm32f10x_hd.o(.text)
    DMA2_Channel2_IRQHandler                 0x08001edf   Thumb Code     0  startup_stm32f10x_hd.o(.text)
    DMA2_Channel3_IRQHandler                 0x08001edf   Thumb Code     0  startup_stm32f10x_hd.o(.text)
    DMA2_Channel4_5_IRQHandler               0x08001edf   Thumb Code     0  startup_stm32f10x_hd.o(.text)
    EXTI15_10_IRQHandler                     0x08001edf   Thumb Code     0  startup_stm32f10x_hd.o(.text)
    EXTI1_IRQHandler                         0x08001edf   Thumb Code     0  startup_stm32f10x_hd.o(.text)
    EXTI2_IRQHandler                         0x08001edf   Thumb Code     0  startup_stm32f10x_hd.o(.text)
    EXTI3_IRQHandler                         0x08001edf   Thumb Code     0  startup_stm32f10x_hd.o(.text)
    EXTI4_IRQHandler                         0x08001edf   Thumb Code     0  startup_stm32f10x_hd.o(.text)
    FLASH_IRQHandler                         0x08001edf   Thumb Code     0  startup_stm32f10x_hd.o(.text)
    FSMC_IRQHandler                          0x08001edf   Thumb Code     0  startup_stm32f10x_hd.o(.text)
    I2C1_ER_IRQHandler                       0x08001edf   Thumb Code     0  startup_stm32f10x_hd.o(.text)
    I2C1_EV_IRQHandler                       0x08001edf   Thumb Code     0  startup_stm32f10x_hd.o(.text)
    I2C2_ER_IRQHandler                       0x08001edf   Thumb Code     0  startup_stm32f10x_hd.o(.text)
    I2C2_EV_IRQHandler                       0x08001edf   Thumb Code     0  startup_stm32f10x_hd.o(.text)
    PVD_IRQHandler                           0x08001edf   Thumb Code     0  startup_stm32f10x_hd.o(.text)
    RCC_IRQHandler                           0x08001edf   Thumb Code     0  startup_stm32f10x_hd.o(.text)
    RTCAlarm_IRQHandler                      0x08001edf   Thumb Code     0  startup_stm32f10x_hd.o(.text)
    RTC_IRQHandler                           0x08001edf   Thumb Code     0  startup_stm32f10x_hd.o(.text)
    SDIO_IRQHandler                          0x08001edf   Thumb Code     0  startup_stm32f10x_hd.o(.text)
    SPI1_IRQHandler                          0x08001edf   Thumb Code     0  startup_stm32f10x_hd.o(.text)
    SPI2_IRQHandler                          0x08001edf   Thumb Code     0  startup_stm32f10x_hd.o(.text)
    SPI3_IRQHandler                          0x08001edf   Thumb Code     0  startup_stm32f10x_hd.o(.text)
    TAMPER_IRQHandler                        0x08001edf   Thumb Code     0  startup_stm32f10x_hd.o(.text)
    TIM1_BRK_IRQHandler                      0x08001edf   Thumb Code     0  startup_stm32f10x_hd.o(.text)
    TIM1_CC_IRQHandler                       0x08001edf   Thumb Code     0  startup_stm32f10x_hd.o(.text)
    TIM1_TRG_COM_IRQHandler                  0x08001edf   Thumb Code     0  startup_stm32f10x_hd.o(.text)
    TIM1_UP_IRQHandler                       0x08001edf   Thumb Code     0  startup_stm32f10x_hd.o(.text)
    TIM4_IRQHandler                          0x08001edf   Thumb Code     0  startup_stm32f10x_hd.o(.text)
    TIM5_IRQHandler                          0x08001edf   Thumb Code     0  startup_stm32f10x_hd.o(.text)
    TIM6_IRQHandler                          0x08001edf   Thumb Code     0  startup_stm32f10x_hd.o(.text)
    TIM7_IRQHandler                          0x08001edf   Thumb Code     0  startup_stm32f10x_hd.o(.text)
    TIM8_BRK_IRQHandler                      0x08001edf   Thumb Code     0  startup_stm32f10x_hd.o(.text)
    TIM8_CC_IRQHandler                       0x08001edf   Thumb Code     0  startup_stm32f10x_hd.o(.text)
    TIM8_TRG_COM_IRQHandler                  0x08001edf   Thumb Code     0  startup_stm32f10x_hd.o(.text)
    TIM8_UP_IRQHandler                       0x08001edf   Thumb Code     0  startup_stm32f10x_hd.o(.text)
    UART4_IRQHandler                         0x08001edf   Thumb Code     0  startup_stm32f10x_hd.o(.text)
    UART5_IRQHandler                         0x08001edf   Thumb Code     0  startup_stm32f10x_hd.o(.text)
    USART2_IRQHandler                        0x08001edf   Thumb Code     0  startup_stm32f10x_hd.o(.text)
    USART3_IRQHandler                        0x08001edf   Thumb Code     0  startup_stm32f10x_hd.o(.text)
    USBWakeUp_IRQHandler                     0x08001edf   Thumb Code     0  startup_stm32f10x_hd.o(.text)
    USB_HP_CAN1_TX_IRQHandler                0x08001edf   Thumb Code     0  startup_stm32f10x_hd.o(.text)
    USB_LP_CAN1_RX0_IRQHandler               0x08001edf   Thumb Code     0  startup_stm32f10x_hd.o(.text)
    WWDG_IRQHandler                          0x08001edf   Thumb Code     0  startup_stm32f10x_hd.o(.text)
    __user_initial_stackheap                 0x08001ee1   Thumb Code     0  startup_stm32f10x_hd.o(.text)
    NVIC_PriorityGroupConfig                 0x08001f05   Thumb Code    10  misc.o(.text)
    NVIC_Init                                0x08001f0f   Thumb Code   102  misc.o(.text)
    NVIC_SetVectorTable                      0x08001f75   Thumb Code    14  misc.o(.text)
    NVIC_SystemLPConfig                      0x08001f83   Thumb Code    38  misc.o(.text)
    SysTick_CLKSourceConfig                  0x08001fa9   Thumb Code    40  misc.o(.text)
    FLASH_SetLatency                         0x08001fe5   Thumb Code    16  stm32f10x_flash.o(.text)
    FLASH_HalfCycleAccessCmd                 0x08001ff5   Thumb Code    22  stm32f10x_flash.o(.text)
    FLASH_PrefetchBufferCmd                  0x0800200b   Thumb Code    22  stm32f10x_flash.o(.text)
    FLASH_Unlock                             0x08002021   Thumb Code    12  stm32f10x_flash.o(.text)
    FLASH_UnlockBank1                        0x0800202d   Thumb Code    12  stm32f10x_flash.o(.text)
    FLASH_Lock                               0x08002039   Thumb Code    14  stm32f10x_flash.o(.text)
    FLASH_LockBank1                          0x08002047   Thumb Code    14  stm32f10x_flash.o(.text)
    FLASH_GetBank1Status                     0x08002055   Thumb Code    50  stm32f10x_flash.o(.text)
    FLASH_WaitForLastOperation               0x08002087   Thumb Code    38  stm32f10x_flash.o(.text)
    FLASH_ErasePage                          0x080020ad   Thumb Code    76  stm32f10x_flash.o(.text)
    FLASH_EraseAllPages                      0x080020f9   Thumb Code    72  stm32f10x_flash.o(.text)
    FLASH_WaitForLastBank1Operation          0x08002141   Thumb Code    38  stm32f10x_flash.o(.text)
    FLASH_EraseAllBank1Pages                 0x08002167   Thumb Code    72  stm32f10x_flash.o(.text)
    FLASH_GetReadOutProtectionStatus         0x080021af   Thumb Code    20  stm32f10x_flash.o(.text)
    FLASH_EraseOptionBytes                   0x080021c3   Thumb Code   150  stm32f10x_flash.o(.text)
    FLASH_ProgramWord                        0x08002259   Thumb Code   104  stm32f10x_flash.o(.text)
    FLASH_ProgramHalfWord                    0x080022c1   Thumb Code    64  stm32f10x_flash.o(.text)
    FLASH_ProgramOptionByteData              0x08002301   Thumb Code    72  stm32f10x_flash.o(.text)
    FLASH_EnableWriteProtection              0x08002349   Thumb Code   216  stm32f10x_flash.o(.text)
    FLASH_ReadOutProtection                  0x08002421   Thumb Code   156  stm32f10x_flash.o(.text)
    FLASH_UserOptionByteConfig               0x080024bd   Thumb Code    88  stm32f10x_flash.o(.text)
    FLASH_GetUserOptionByte                  0x08002515   Thumb Code     8  stm32f10x_flash.o(.text)
    FLASH_GetWriteProtectionOptionByte       0x0800251d   Thumb Code     6  stm32f10x_flash.o(.text)
    FLASH_GetPrefetchBufferStatus            0x08002523   Thumb Code    20  stm32f10x_flash.o(.text)
    FLASH_ITConfig                           0x08002537   Thumb Code    26  stm32f10x_flash.o(.text)
    FLASH_GetFlagStatus                      0x08002551   Thumb Code    42  stm32f10x_flash.o(.text)
    FLASH_ClearFlag                          0x0800257b   Thumb Code     6  stm32f10x_flash.o(.text)
    FLASH_GetStatus                          0x08002581   Thumb Code    50  stm32f10x_flash.o(.text)
    SPI_I2S_DeInit                           0x080025c9   Thumb Code    76  stm32f10x_spi.o(.text)
    SPI_Init                                 0x08002615   Thumb Code    60  stm32f10x_spi.o(.text)
    I2S_Init                                 0x08002651   Thumb Code   216  stm32f10x_spi.o(.text)
    SPI_StructInit                           0x08002729   Thumb Code    24  stm32f10x_spi.o(.text)
    I2S_StructInit                           0x08002741   Thumb Code    20  stm32f10x_spi.o(.text)
    SPI_Cmd                                  0x08002755   Thumb Code    24  stm32f10x_spi.o(.text)
    I2S_Cmd                                  0x0800276d   Thumb Code    24  stm32f10x_spi.o(.text)
    SPI_I2S_ITConfig                         0x08002785   Thumb Code    36  stm32f10x_spi.o(.text)
    SPI_I2S_DMACmd                           0x080027a9   Thumb Code    24  stm32f10x_spi.o(.text)
    SPI_I2S_SendData                         0x080027c1   Thumb Code     4  stm32f10x_spi.o(.text)
    SPI_I2S_ReceiveData                      0x080027c5   Thumb Code     6  stm32f10x_spi.o(.text)
    SPI_NSSInternalSoftwareConfig            0x080027cb   Thumb Code    30  stm32f10x_spi.o(.text)
    SPI_SSOutputCmd                          0x080027e9   Thumb Code    24  stm32f10x_spi.o(.text)
    SPI_DataSizeConfig                       0x08002801   Thumb Code    18  stm32f10x_spi.o(.text)
    SPI_TransmitCRC                          0x08002813   Thumb Code    10  stm32f10x_spi.o(.text)
    SPI_CalculateCRC                         0x0800281d   Thumb Code    24  stm32f10x_spi.o(.text)
    SPI_GetCRC                               0x08002835   Thumb Code    16  stm32f10x_spi.o(.text)
    SPI_GetCRCPolynomial                     0x08002845   Thumb Code     6  stm32f10x_spi.o(.text)
    SPI_BiDirectionalLineConfig              0x0800284b   Thumb Code    28  stm32f10x_spi.o(.text)
    SPI_I2S_GetFlagStatus                    0x08002867   Thumb Code    18  stm32f10x_spi.o(.text)
    SPI_I2S_ClearFlag                        0x08002879   Thumb Code     6  stm32f10x_spi.o(.text)
    SPI_I2S_GetITStatus                      0x0800287f   Thumb Code    52  stm32f10x_spi.o(.text)
    SPI_I2S_ClearITPendingBit                0x080028b3   Thumb Code    20  stm32f10x_spi.o(.text)
    RCC_DeInit                               0x080028d5   Thumb Code    64  stm32f10x_rcc.o(.text)
    RCC_HSEConfig                            0x08002915   Thumb Code    70  stm32f10x_rcc.o(.text)
    RCC_GetFlagStatus                        0x0800295b   Thumb Code    56  stm32f10x_rcc.o(.text)
    RCC_WaitForHSEStartUp                    0x08002993   Thumb Code    48  stm32f10x_rcc.o(.text)
    RCC_AdjustHSICalibrationValue            0x080029c3   Thumb Code    18  stm32f10x_rcc.o(.text)
    RCC_HSICmd                               0x080029d5   Thumb Code     6  stm32f10x_rcc.o(.text)
    RCC_PLLConfig                            0x080029db   Thumb Code    22  stm32f10x_rcc.o(.text)
    RCC_PLLCmd                               0x080029f1   Thumb Code     6  stm32f10x_rcc.o(.text)
    RCC_SYSCLKConfig                         0x080029f7   Thumb Code    16  stm32f10x_rcc.o(.text)
    RCC_GetSYSCLKSource                      0x08002a07   Thumb Code    10  stm32f10x_rcc.o(.text)
    RCC_HCLKConfig                           0x08002a11   Thumb Code    16  stm32f10x_rcc.o(.text)
    RCC_PCLK1Config                          0x08002a21   Thumb Code    16  stm32f10x_rcc.o(.text)
    RCC_PCLK2Config                          0x08002a31   Thumb Code    18  stm32f10x_rcc.o(.text)
    RCC_ITConfig                             0x08002a43   Thumb Code    30  stm32f10x_rcc.o(.text)
    RCC_USBCLKConfig                         0x08002a61   Thumb Code     8  stm32f10x_rcc.o(.text)
    RCC_ADCCLKConfig                         0x08002a69   Thumb Code    16  stm32f10x_rcc.o(.text)
    RCC_LSEConfig                            0x08002a79   Thumb Code    50  stm32f10x_rcc.o(.text)
    RCC_LSICmd                               0x08002aab   Thumb Code     6  stm32f10x_rcc.o(.text)
    RCC_RTCCLKConfig                         0x08002ab1   Thumb Code    12  stm32f10x_rcc.o(.text)
    RCC_RTCCLKCmd                            0x08002abd   Thumb Code     8  stm32f10x_rcc.o(.text)
    RCC_GetClocksFreq                        0x08002ac5   Thumb Code   194  stm32f10x_rcc.o(.text)
    RCC_AHBPeriphClockCmd                    0x08002b87   Thumb Code    26  stm32f10x_rcc.o(.text)
    RCC_APB2PeriphClockCmd                   0x08002ba1   Thumb Code    26  stm32f10x_rcc.o(.text)
    RCC_APB1PeriphClockCmd                   0x08002bbb   Thumb Code    26  stm32f10x_rcc.o(.text)
    RCC_APB2PeriphResetCmd                   0x08002bd5   Thumb Code    26  stm32f10x_rcc.o(.text)
    RCC_APB1PeriphResetCmd                   0x08002bef   Thumb Code    26  stm32f10x_rcc.o(.text)
    RCC_BackupResetCmd                       0x08002c09   Thumb Code     8  stm32f10x_rcc.o(.text)
    RCC_ClockSecuritySystemCmd               0x08002c11   Thumb Code     6  stm32f10x_rcc.o(.text)
    RCC_MCOConfig                            0x08002c17   Thumb Code     6  stm32f10x_rcc.o(.text)
    RCC_ClearFlag                            0x08002c1d   Thumb Code    14  stm32f10x_rcc.o(.text)
    RCC_GetITStatus                          0x08002c2b   Thumb Code    20  stm32f10x_rcc.o(.text)
    RCC_ClearITPendingBit                    0x08002c3f   Thumb Code     6  stm32f10x_rcc.o(.text)
    GPIO_DeInit                              0x08002c65   Thumb Code   172  stm32f10x_gpio.o(.text)
    GPIO_AFIODeInit                          0x08002d11   Thumb Code    20  stm32f10x_gpio.o(.text)
    GPIO_Init                                0x08002d25   Thumb Code   268  stm32f10x_gpio.o(.text)
    GPIO_StructInit                          0x08002e31   Thumb Code    16  stm32f10x_gpio.o(.text)
    GPIO_ReadInputDataBit                    0x08002e41   Thumb Code    18  stm32f10x_gpio.o(.text)
    GPIO_ReadInputData                       0x08002e53   Thumb Code     8  stm32f10x_gpio.o(.text)
    GPIO_ReadOutputDataBit                   0x08002e5b   Thumb Code    18  stm32f10x_gpio.o(.text)
    GPIO_ReadOutputData                      0x08002e6d   Thumb Code     8  stm32f10x_gpio.o(.text)
    GPIO_SetBits                             0x08002e75   Thumb Code     4  stm32f10x_gpio.o(.text)
    GPIO_ResetBits                           0x08002e79   Thumb Code     4  stm32f10x_gpio.o(.text)
    GPIO_WriteBit                            0x08002e7d   Thumb Code    10  stm32f10x_gpio.o(.text)
    GPIO_Write                               0x08002e87   Thumb Code     4  stm32f10x_gpio.o(.text)
    GPIO_PinLockConfig                       0x08002e8b   Thumb Code    18  stm32f10x_gpio.o(.text)
    GPIO_EventOutputConfig                   0x08002e9d   Thumb Code    24  stm32f10x_gpio.o(.text)
    GPIO_EventOutputCmd                      0x08002eb5   Thumb Code     6  stm32f10x_gpio.o(.text)
    GPIO_PinRemapConfig                      0x08002ebb   Thumb Code   136  stm32f10x_gpio.o(.text)
    GPIO_EXTILineConfig                      0x08002f43   Thumb Code    60  stm32f10x_gpio.o(.text)
    GPIO_ETH_MediaInterfaceConfig            0x08002f7f   Thumb Code     8  stm32f10x_gpio.o(.text)
    SystemInit                               0x08003075   Thumb Code    70  system_stm32f10x.o(.text)
    SystemCoreClockUpdate                    0x080030bb   Thumb Code   142  system_stm32f10x.o(.text)
    EXTI_DeInit                              0x08003169   Thumb Code    32  stm32f10x_exti.o(.text)
    EXTI_Init                                0x08003189   Thumb Code   154  stm32f10x_exti.o(.text)
    EXTI_StructInit                          0x08003223   Thumb Code    16  stm32f10x_exti.o(.text)
    EXTI_GenerateSWInterrupt                 0x08003233   Thumb Code    16  stm32f10x_exti.o(.text)
    EXTI_GetFlagStatus                       0x08003243   Thumb Code    22  stm32f10x_exti.o(.text)
    EXTI_ClearFlag                           0x08003259   Thumb Code     8  stm32f10x_exti.o(.text)
    EXTI_GetITStatus                         0x08003261   Thumb Code    34  stm32f10x_exti.o(.text)
    EXTI_ClearITPendingBit                   0x08003283   Thumb Code     8  stm32f10x_exti.o(.text)
    USART_DeInit                             0x08003299   Thumb Code   134  stm32f10x_usart.o(.text)
    USART_Init                               0x0800331f   Thumb Code   210  stm32f10x_usart.o(.text)
    USART_StructInit                         0x080033f1   Thumb Code    24  stm32f10x_usart.o(.text)
    USART_ClockInit                          0x08003409   Thumb Code    32  stm32f10x_usart.o(.text)
    USART_ClockStructInit                    0x08003429   Thumb Code    12  stm32f10x_usart.o(.text)
    USART_Cmd                                0x08003435   Thumb Code    24  stm32f10x_usart.o(.text)
    USART_ITConfig                           0x0800344d   Thumb Code    72  stm32f10x_usart.o(.text)
    USART_DMACmd                             0x08003495   Thumb Code    24  stm32f10x_usart.o(.text)
    USART_SetAddress                         0x080034ad   Thumb Code    18  stm32f10x_usart.o(.text)
    USART_WakeUpConfig                       0x080034bf   Thumb Code    18  stm32f10x_usart.o(.text)
    USART_ReceiverWakeUpCmd                  0x080034d1   Thumb Code    24  stm32f10x_usart.o(.text)
    USART_LINBreakDetectLengthConfig         0x080034e9   Thumb Code    18  stm32f10x_usart.o(.text)
    USART_LINCmd                             0x080034fb   Thumb Code    24  stm32f10x_usart.o(.text)
    USART_SendData                           0x08003513   Thumb Code     8  stm32f10x_usart.o(.text)
    USART_ReceiveData                        0x0800351b   Thumb Code    10  stm32f10x_usart.o(.text)
    USART_SendBreak                          0x08003525   Thumb Code    10  stm32f10x_usart.o(.text)
    USART_SetGuardTime                       0x0800352f   Thumb Code    16  stm32f10x_usart.o(.text)
    USART_SetPrescaler                       0x0800353f   Thumb Code    16  stm32f10x_usart.o(.text)
    USART_SmartCardCmd                       0x0800354f   Thumb Code    24  stm32f10x_usart.o(.text)
    USART_SmartCardNACKCmd                   0x08003567   Thumb Code    24  stm32f10x_usart.o(.text)
    USART_HalfDuplexCmd                      0x0800357f   Thumb Code    24  stm32f10x_usart.o(.text)
    USART_OverSampling8Cmd                   0x08003597   Thumb Code    22  stm32f10x_usart.o(.text)
    USART_OneBitMethodCmd                    0x080035ad   Thumb Code    24  stm32f10x_usart.o(.text)
    USART_IrDAConfig                         0x080035c5   Thumb Code    18  stm32f10x_usart.o(.text)
    USART_IrDACmd                            0x080035d7   Thumb Code    24  stm32f10x_usart.o(.text)
    USART_GetFlagStatus                      0x080035ef   Thumb Code    26  stm32f10x_usart.o(.text)
    USART_ClearFlag                          0x08003609   Thumb Code    18  stm32f10x_usart.o(.text)
    USART_GetITStatus                        0x0800361b   Thumb Code    84  stm32f10x_usart.o(.text)
    USART_ClearITPendingBit                  0x0800366f   Thumb Code    50  stm32f10x_usart.o(.text)
    TIM_DeInit                               0x080036a1   Thumb Code   424  stm32f10x_tim.o(.text)
    TIM_TimeBaseInit                         0x08003849   Thumb Code   122  stm32f10x_tim.o(.text)
    TIM_OC1Init                              0x080038c3   Thumb Code   132  stm32f10x_tim.o(.text)
    TIM_OC2Init                              0x08003947   Thumb Code   146  stm32f10x_tim.o(.text)
    TIM_OC3Init                              0x080039d9   Thumb Code   142  stm32f10x_tim.o(.text)
    TIM_OC4Init                              0x08003a67   Thumb Code   172  stm32f10x_tim.o(.text)
    TIM_SetIC4Prescaler                      0x08003b13   Thumb Code    22  stm32f10x_tim.o(.text)
    TIM_SetIC3Prescaler                      0x08003b69   Thumb Code    18  stm32f10x_tim.o(.text)
    TIM_SetIC2Prescaler                      0x08003bb7   Thumb Code    22  stm32f10x_tim.o(.text)
    TIM_SetIC1Prescaler                      0x08003c0d   Thumb Code    18  stm32f10x_tim.o(.text)
    TIM_ICInit                               0x08003c51   Thumb Code   110  stm32f10x_tim.o(.text)
    TIM_PWMIConfig                           0x08003cbf   Thumb Code   124  stm32f10x_tim.o(.text)
    TIM_BDTRConfig                           0x08003d3b   Thumb Code    32  stm32f10x_tim.o(.text)
    TIM_TimeBaseStructInit                   0x08003d5b   Thumb Code    18  stm32f10x_tim.o(.text)
    TIM_OCStructInit                         0x08003d6d   Thumb Code    20  stm32f10x_tim.o(.text)
    TIM_ICStructInit                         0x08003d81   Thumb Code    18  stm32f10x_tim.o(.text)
    TIM_BDTRStructInit                       0x08003d93   Thumb Code    18  stm32f10x_tim.o(.text)
    TIM_Cmd                                  0x08003da5   Thumb Code    24  stm32f10x_tim.o(.text)
    TIM_CtrlPWMOutputs                       0x08003dbd   Thumb Code    30  stm32f10x_tim.o(.text)
    TIM_ITConfig                             0x08003ddb   Thumb Code    24  stm32f10x_tim.o(.text)
    TIM_GenerateEvent                        0x08003df3   Thumb Code     4  stm32f10x_tim.o(.text)
    TIM_DMAConfig                            0x08003df7   Thumb Code    10  stm32f10x_tim.o(.text)
    TIM_DMACmd                               0x08003e01   Thumb Code    24  stm32f10x_tim.o(.text)
    TIM_InternalClockConfig                  0x08003e19   Thumb Code    12  stm32f10x_tim.o(.text)
    TIM_SelectInputTrigger                   0x08003e25   Thumb Code    16  stm32f10x_tim.o(.text)
    TIM_ITRxExternalClockConfig              0x08003e35   Thumb Code    24  stm32f10x_tim.o(.text)
    TIM_TIxExternalClockConfig               0x08003e4d   Thumb Code    62  stm32f10x_tim.o(.text)
    TIM_ETRConfig                            0x08003e8b   Thumb Code    22  stm32f10x_tim.o(.text)
    TIM_ETRClockMode1Config                  0x08003ea1   Thumb Code    64  stm32f10x_tim.o(.text)
    TIM_ETRClockMode2Config                  0x08003ee1   Thumb Code    32  stm32f10x_tim.o(.text)
    TIM_PrescalerConfig                      0x08003f01   Thumb Code     6  stm32f10x_tim.o(.text)
    TIM_CounterModeConfig                    0x08003f07   Thumb Code    16  stm32f10x_tim.o(.text)
    TIM_EncoderInterfaceConfig               0x08003f17   Thumb Code    56  stm32f10x_tim.o(.text)
    TIM_ForcedOC1Config                      0x08003f4f   Thumb Code    16  stm32f10x_tim.o(.text)
    TIM_ForcedOC2Config                      0x08003f5f   Thumb Code    20  stm32f10x_tim.o(.text)
    TIM_ForcedOC3Config                      0x08003f73   Thumb Code    16  stm32f10x_tim.o(.text)
    TIM_ForcedOC4Config                      0x08003f83   Thumb Code    20  stm32f10x_tim.o(.text)
    TIM_ARRPreloadConfig                     0x08003f97   Thumb Code    24  stm32f10x_tim.o(.text)
    TIM_SelectCOM                            0x08003faf   Thumb Code    24  stm32f10x_tim.o(.text)
    TIM_SelectCCDMA                          0x08003fc7   Thumb Code    24  stm32f10x_tim.o(.text)
    TIM_CCPreloadControl                     0x08003fdf   Thumb Code    24  stm32f10x_tim.o(.text)
    TIM_OC1PreloadConfig                     0x08003ff7   Thumb Code    16  stm32f10x_tim.o(.text)
    TIM_OC2PreloadConfig                     0x08004007   Thumb Code    20  stm32f10x_tim.o(.text)
    TIM_OC3PreloadConfig                     0x0800401b   Thumb Code    16  stm32f10x_tim.o(.text)
    TIM_OC4PreloadConfig                     0x0800402b   Thumb Code    20  stm32f10x_tim.o(.text)
    TIM_OC1FastConfig                        0x0800403f   Thumb Code    16  stm32f10x_tim.o(.text)
    TIM_OC2FastConfig                        0x0800404f   Thumb Code    20  stm32f10x_tim.o(.text)
    TIM_OC3FastConfig                        0x08004063   Thumb Code    16  stm32f10x_tim.o(.text)
    TIM_OC4FastConfig                        0x08004073   Thumb Code    20  stm32f10x_tim.o(.text)
    TIM_ClearOC1Ref                          0x08004087   Thumb Code    16  stm32f10x_tim.o(.text)
    TIM_ClearOC2Ref                          0x08004097   Thumb Code    18  stm32f10x_tim.o(.text)
    TIM_ClearOC3Ref                          0x080040a9   Thumb Code    16  stm32f10x_tim.o(.text)
    TIM_ClearOC4Ref                          0x080040b9   Thumb Code    18  stm32f10x_tim.o(.text)
    TIM_OC1PolarityConfig                    0x080040cb   Thumb Code    16  stm32f10x_tim.o(.text)
    TIM_OC1NPolarityConfig                   0x080040db   Thumb Code    16  stm32f10x_tim.o(.text)
    TIM_OC2PolarityConfig                    0x080040eb   Thumb Code    20  stm32f10x_tim.o(.text)
    TIM_OC2NPolarityConfig                   0x080040ff   Thumb Code    20  stm32f10x_tim.o(.text)
    TIM_OC3PolarityConfig                    0x08004113   Thumb Code    20  stm32f10x_tim.o(.text)
    TIM_OC3NPolarityConfig                   0x08004127   Thumb Code    20  stm32f10x_tim.o(.text)
    TIM_OC4PolarityConfig                    0x0800413b   Thumb Code    20  stm32f10x_tim.o(.text)
    TIM_CCxCmd                               0x0800414f   Thumb Code    34  stm32f10x_tim.o(.text)
    TIM_CCxNCmd                              0x08004171   Thumb Code    34  stm32f10x_tim.o(.text)
    TIM_SelectOCxM                           0x08004193   Thumb Code    82  stm32f10x_tim.o(.text)
    TIM_UpdateDisableConfig                  0x080041e5   Thumb Code    24  stm32f10x_tim.o(.text)
    TIM_UpdateRequestConfig                  0x080041fd   Thumb Code    24  stm32f10x_tim.o(.text)
    TIM_SelectHallSensor                     0x08004215   Thumb Code    24  stm32f10x_tim.o(.text)
    TIM_SelectOnePulseMode                   0x0800422d   Thumb Code    18  stm32f10x_tim.o(.text)
    TIM_SelectOutputTrigger                  0x0800423f   Thumb Code    18  stm32f10x_tim.o(.text)
    TIM_SelectSlaveMode                      0x08004251   Thumb Code    18  stm32f10x_tim.o(.text)
    TIM_SelectMasterSlaveMode                0x08004263   Thumb Code    18  stm32f10x_tim.o(.text)
    TIM_SetCounter                           0x08004275   Thumb Code     4  stm32f10x_tim.o(.text)
    TIM_SetAutoreload                        0x08004279   Thumb Code     4  stm32f10x_tim.o(.text)
    TIM_SetCompare1                          0x0800427d   Thumb Code     4  stm32f10x_tim.o(.text)
    TIM_SetCompare2                          0x08004281   Thumb Code     4  stm32f10x_tim.o(.text)
    TIM_SetCompare3                          0x08004285   Thumb Code     4  stm32f10x_tim.o(.text)
    TIM_SetCompare4                          0x08004289   Thumb Code     6  stm32f10x_tim.o(.text)
    TIM_SetClockDivision                     0x0800428f   Thumb Code    18  stm32f10x_tim.o(.text)
    TIM_GetCapture1                          0x080042a1   Thumb Code     6  stm32f10x_tim.o(.text)
    TIM_GetCapture2                          0x080042a7   Thumb Code     6  stm32f10x_tim.o(.text)
    TIM_GetCapture3                          0x080042ad   Thumb Code     6  stm32f10x_tim.o(.text)
    TIM_GetCapture4                          0x080042b3   Thumb Code     8  stm32f10x_tim.o(.text)
    TIM_GetCounter                           0x080042bb   Thumb Code     6  stm32f10x_tim.o(.text)
    TIM_GetPrescaler                         0x080042c1   Thumb Code     6  stm32f10x_tim.o(.text)
    TIM_GetFlagStatus                        0x080042c7   Thumb Code    18  stm32f10x_tim.o(.text)
    TIM_ClearFlag                            0x080042d9   Thumb Code     6  stm32f10x_tim.o(.text)
    TIM_GetITStatus                          0x080042df   Thumb Code    34  stm32f10x_tim.o(.text)
    TIM_ClearITPendingBit                    0x08004301   Thumb Code     6  stm32f10x_tim.o(.text)
    srand                                    0x08004309   Thumb Code    40  rand.o(.text)
    _rand_init                               0x08004331   Thumb Code     4  rand.o(.text)
    rand                                     0x08004335   Thumb Code    58  rand.o(.text)
    __aeabi_memcpy4                          0x08004381   Thumb Code     0  rt_memcpy_w.o(.text)
    __aeabi_memcpy8                          0x08004381   Thumb Code     0  rt_memcpy_w.o(.text)
    __rt_memcpy_w                            0x08004381   Thumb Code   100  rt_memcpy_w.o(.text)
    _memcpy_lastbytes_aligned                0x080043c9   Thumb Code     0  rt_memcpy_w.o(.text)
    __use_two_region_memory                  0x080043e5   Thumb Code     2  heapauxi.o(.text)
    __rt_heap_escrow$2region                 0x080043e7   Thumb Code     2  heapauxi.o(.text)
    __rt_heap_expand$2region                 0x080043e9   Thumb Code     2  heapauxi.o(.text)
    __user_setup_stackheap                   0x080043eb   Thumb Code    74  sys_stackheap_outer.o(.text)
    exit                                     0x08004435   Thumb Code    12  exit.o(.text)
    __user_libspace                          0x08004441   Thumb Code     8  libspace.o(.text)
    __user_perproc_libspace                  0x08004441   Thumb Code     0  libspace.o(.text)
    __user_perthread_libspace                0x08004441   Thumb Code     0  libspace.o(.text)
    __I$use$semihosting                      0x08004449   Thumb Code     0  use_no_semi.o(.text)
    __use_no_semihosting_swi                 0x08004449   Thumb Code     2  use_no_semi.o(.text)
    _sys_exit                                0x0800444d   Thumb Code    16  sys_exit.o(.text)
    FreHopBuf                                0x08004460   Data          80  24l01app.o(.constdata)
    Region$$Table$$Base                      0x08004510   Number         0  anon$$obj.o(Region$$Table)
    Region$$Table$$Limit                     0x08004530   Number         0  anon$$obj.o(Region$$Table)
    TxIdx                                    0x20000000   Data           1  global.o(.data)
    RxIdx                                    0x20000001   Data           1  global.o(.data)
    k                                        0x20000002   Data           1  global.o(.data)
    TransferStatus1                          0x20000003   Data           1  global.o(.data)
    TransferStatus2                          0x20000004   Data           1  global.o(.data)
    TransferStatus3                          0x20000005   Data           1  global.o(.data)
    TransferStatus4                          0x20000006   Data           1  global.o(.data)
    WorkSta1                                 0x20000007   Data           1  global.o(.data)
    WorkStaPre1                              0x20000008   Data           1  global.o(.data)
    WorkSta2                                 0x20000009   Data           1  global.o(.data)
    WorkStaPre2                              0x2000000a   Data           1  global.o(.data)
    Mst24L01Sta                              0x2000000b   Data           1  global.o(.data)
    Slv24L01Sta                              0x2000000c   Data           1  global.o(.data)
    TestStr                                  0x2000000d   Data          13  global.o(.data)
    TxNoReply                                0x2000001a   Data          12  global.o(.data)
    RxNotMatch                               0x20000026   Data          13  global.o(.data)
    RxMatch                                  0x20000033   Data          10  global.o(.data)
    TestWord                                 0x2000003d   Data           2  global.o(.data)
    StrError                                 0x2000003f   Data           7  global.o(.data)
    MSGRP_OK                                 0x20000046   Data           4  global.o(.data)
    MSGRP_ERR                                0x2000004a   Data           4  global.o(.data)
    GlobalRunTime                            0x20000050   Data           8  global.o(.data)
    StartTimeMs1                             0x20000058   Data           4  global.o(.data)
    EndTimeMs1                               0x2000005c   Data           4  global.o(.data)
    StartTimeMs2                             0x20000060   Data           4  global.o(.data)
    EndTimeMs2                               0x20000064   Data           4  global.o(.data)
    StartTimeMs3                             0x20000068   Data           4  global.o(.data)
    EndTimeMs3                               0x2000006c   Data           4  global.o(.data)
    TimingDelay                              0x20000070   Data           4  global.o(.data)
    SPI1_TxBuf                               0x20000074   Data          32  spicom.o(.data)
    SPI1OkFlag                               0x20000094   Data           1  spicom.o(.data)
    SPI2OkFlag                               0x20000095   Data           1  spicom.o(.data)
    SPI1NewFlg                               0x20000096   Data           1  spicom.o(.data)
    SPI2NewFlg                               0x20000097   Data           1  spicom.o(.data)
    SPI1FullFlag                             0x20000098   Data           1  spicom.o(.data)
    SPI2FullFlag                             0x20000099   Data           1  spicom.o(.data)
    SPI1ProtocolFlag                         0x2000009a   Data           1  spicom.o(.data)
    SPI1index                                0x2000009b   Data           1  spicom.o(.data)
    SPI1Pindex                               0x2000009c   Data           1  spicom.o(.data)
    SPI2index                                0x2000009d   Data           1  spicom.o(.data)
    SPI2Pindex                               0x2000009e   Data           1  spicom.o(.data)
    SPI1ByteNum                              0x2000009f   Data           1  spicom.o(.data)
    U1RxCmdFlag                              0x200000a0   Data           1  usartcom.o(.data)
    U2RxCmdFlag                              0x200000a1   Data           1  usartcom.o(.data)
    U1RxFullFlag                             0x200000a2   Data           1  usartcom.o(.data)
    U2RxFullFlag                             0x200000a3   Data           1  usartcom.o(.data)
    U1RxIndex                                0x200000a4   Data           1  usartcom.o(.data)
    U1RxPindex                               0x200000a5   Data           1  usartcom.o(.data)
    U2RxIndex                                0x200000a6   Data           1  usartcom.o(.data)
    U2RxPindex                               0x200000a7   Data           1  usartcom.o(.data)
    pCmdBuf                                  0x200000a8   Data           4  usartcom.o(.data)
    NetConnectRxAdr                          0x200000ac   Data           5  24l01api.o(.data)
    TX_ADDRESS_24L01                         0x200000b1   Data           5  24l01api.o(.data)
    RX_ADDRESS_24L01                         0x200000b6   Data           5  24l01api.o(.data)
    MOD1_TXADR                               0x200000bb   Data           5  24l01api.o(.data)
    MOD1_RXADR                               0x200000c0   Data           5  24l01api.o(.data)
    MOD2_TXADR                               0x200000c5   Data           5  24l01api.o(.data)
    MOD2_RXADR                               0x200000ca   Data           5  24l01api.o(.data)
    MOD3_TXADR                               0x200000cf   Data           5  24l01api.o(.data)
    MOD3_RXADR                               0x200000d4   Data           5  24l01api.o(.data)
    MOD4_TXADR                               0x200000d9   Data           5  24l01api.o(.data)
    MOD4_RXADR                               0x200000de   Data           5  24l01api.o(.data)
    sta                                      0x200000e3   Data           1  24l01api.o(.data)
    SPI1FIFOSta                              0x200000e4   Data           1  24l01api.o(.data)
    SPI1Sta                                  0x200000e5   Data           1  24l01api.o(.data)
    SPI2FIFOSta                              0x200000e6   Data           1  24l01api.o(.data)
    SPI2Sta                                  0x200000e7   Data           1  24l01api.o(.data)
    SPI2RxCnt                                0x200000e8   Data           2  24l01api.o(.data)
    SPI1RxCnt                                0x200000ea   Data           2  24l01api.o(.data)
    pRxAdr_Tab                               0x200000ec   Data           4  24l01api.o(.data)
    SystemCoreClock                          0x20000104   Data           4  system_stm32f10x.o(.data)
    AHBPrescTable                            0x20000108   Data          16  system_stm32f10x.o(.data)
    SPI2_TxBuf                               0x20000120   Data          32  spicom.o(.bss)
    SPI1_RxBuf                               0x20000140   Data          32  spicom.o(.bss)
    SPI2_RxBuf                               0x20000160   Data          32  spicom.o(.bss)
    SPI1_ParseBuf                            0x20000180   Data         320  spicom.o(.bss)
    SPI1_SendBuf                             0x200002c0   Data         320  spicom.o(.bss)
    txLog                                    0x20000400   Data         100  spicom.o(.bss)
    SPI2_ParseBuf                            0x20000464   Data         320  spicom.o(.bss)
    U1ParseBuf                               0x200005a4   Data         200  usartcom.o(.bss)
    U2ParseBuf                               0x2000066c   Data         200  usartcom.o(.bss)
    U1TxBuf                                  0x20000734   Data         200  usartcom.o(.bss)
    U2TxBuf                                  0x200007fc   Data         200  usartcom.o(.bss)
    U1RxBuf                                  0x200008c4   Data         200  usartcom.o(.bss)
    U2RxBuf                                  0x2000098c   Data         200  usartcom.o(.bss)
    Cmd_Body                                 0x20000a54   Data         160  usartcom.o(.bss)
    CmdBuf                                   0x20000af4   Data          20  usartcom.o(.bss)
    RxAdr_Tab                                0x20000b08   Data         108  24l01api.o(.bss)
    __libspace_start                         0x20000c50   Data          96  libspace.o(.bss)
    __temporary_stack_top$libspace           0x20000cb0   Data           0  libspace.o(.bss)



==============================================================================

Memory Map of the image

  Image Entry point : 0x08000131

  Load Region LR_IROM1 (Base: 0x08000000, Size: 0x00004650, Max: 0x00080000, ABSOLUTE)

    Execution Region ER_IROM1 (Base: 0x08000000, Size: 0x00004530, Max: 0x00080000, ABSOLUTE)

    Base Addr    Size         Type   Attr      Idx    E Section Name        Object

    0x08000000   0x00000130   Data   RO          268    RESET               startup_stm32f10x_hd.o
    0x08000130   0x00000008   Code   RO          428  * !!!main             __main.o(c_w.l)
    0x08000138   0x00000034   Code   RO          585    !!!scatter          __scatter.o(c_w.l)
    0x0800016c   0x0000001a   Code   RO          587    !!handler_copy      __scatter_copy.o(c_w.l)
    0x08000186   0x00000002   PAD
    0x08000188   0x0000001c   Code   RO          589    !!handler_zi        __scatter_zi.o(c_w.l)
    0x080001a4   0x00000006   Code   RO          507    .ARM.Collect$$libinit$$00000000  libinit.o(c_w.l)
    0x080001aa   0x00000000   Code   RO          434    .ARM.Collect$$libinit$$00000006  libinit2.o(c_w.l)
    0x080001aa   0x00000000   Code   RO          436    .ARM.Collect$$libinit$$00000008  libinit2.o(c_w.l)
    0x080001aa   0x00000004   Code   RO          437    .ARM.Collect$$libinit$$00000009  libinit2.o(c_w.l)
    0x080001ae   0x00000000   Code   RO          438    .ARM.Collect$$libinit$$0000000A  libinit2.o(c_w.l)
    0x080001ae   0x00000000   Code   RO          441    .ARM.Collect$$libinit$$0000000D  libinit2.o(c_w.l)
    0x080001ae   0x00000000   Code   RO          443    .ARM.Collect$$libinit$$0000000F  libinit2.o(c_w.l)
    0x080001ae   0x00000000   Code   RO          445    .ARM.Collect$$libinit$$00000011  libinit2.o(c_w.l)
    0x080001ae   0x00000000   Code   RO          447    .ARM.Collect$$libinit$$00000013  libinit2.o(c_w.l)
    0x080001ae   0x00000000   Code   RO          449    .ARM.Collect$$libinit$$00000015  libinit2.o(c_w.l)
    0x080001ae   0x00000000   Code   RO          451    .ARM.Collect$$libinit$$00000017  libinit2.o(c_w.l)
    0x080001ae   0x00000000   Code   RO          453    .ARM.Collect$$libinit$$00000019  libinit2.o(c_w.l)
    0x080001ae   0x00000000   Code   RO          455    .ARM.Collect$$libinit$$0000001B  libinit2.o(c_w.l)
    0x080001ae   0x00000000   Code   RO          457    .ARM.Collect$$libinit$$0000001D  libinit2.o(c_w.l)
    0x080001ae   0x00000000   Code   RO          459    .ARM.Collect$$libinit$$0000001F  libinit2.o(c_w.l)
    0x080001ae   0x00000000   Code   RO          461    .ARM.Collect$$libinit$$00000021  libinit2.o(c_w.l)
    0x080001ae   0x00000000   Code   RO          465    .ARM.Collect$$libinit$$00000028  libinit2.o(c_w.l)
    0x080001ae   0x00000000   Code   RO          467    .ARM.Collect$$libinit$$0000002A  libinit2.o(c_w.l)
    0x080001ae   0x00000000   Code   RO          469    .ARM.Collect$$libinit$$0000002C  libinit2.o(c_w.l)
    0x080001ae   0x00000000   Code   RO          471    .ARM.Collect$$libinit$$0000002E  libinit2.o(c_w.l)
    0x080001ae   0x00000002   Code   RO          472    .ARM.Collect$$libinit$$0000002F  libinit2.o(c_w.l)
    0x080001b0   0x00000002   Code   RO          547    .ARM.Collect$$libshutdown$$00000000  libshutdown.o(c_w.l)
    0x080001b2   0x00000000   Code   RO          554    .ARM.Collect$$libshutdown$$00000003  libshutdown2.o(c_w.l)
    0x080001b2   0x00000000   Code   RO          557    .ARM.Collect$$libshutdown$$00000006  libshutdown2.o(c_w.l)
    0x080001b2   0x00000000   Code   RO          560    .ARM.Collect$$libshutdown$$00000009  libshutdown2.o(c_w.l)
    0x080001b2   0x00000000   Code   RO          562    .ARM.Collect$$libshutdown$$0000000B  libshutdown2.o(c_w.l)
    0x080001b2   0x00000000   Code   RO          565    .ARM.Collect$$libshutdown$$0000000E  libshutdown2.o(c_w.l)
    0x080001b2   0x00000002   Code   RO          566    .ARM.Collect$$libshutdown$$0000000F  libshutdown2.o(c_w.l)
    0x080001b4   0x00000000   Code   RO          430    .ARM.Collect$$rtentry$$00000000  rtentry.o(c_w.l)
    0x080001b4   0x00000000   Code   RO          474    .ARM.Collect$$rtentry$$00000002  rtentry2.o(c_w.l)
    0x080001b4   0x00000006   Code   RO          489    .ARM.Collect$$rtentry$$00000004  rtentry4.o(c_w.l)
    0x080001ba   0x00000000   Code   RO          476    .ARM.Collect$$rtentry$$00000009  rtentry2.o(c_w.l)
    0x080001ba   0x00000004   Code   RO          477    .ARM.Collect$$rtentry$$0000000A  rtentry2.o(c_w.l)
    0x080001be   0x00000000   Code   RO          479    .ARM.Collect$$rtentry$$0000000C  rtentry2.o(c_w.l)
    0x080001be   0x00000008   Code   RO          480    .ARM.Collect$$rtentry$$0000000D  rtentry2.o(c_w.l)
    0x080001c6   0x00000000   Code   RO          513    .ARM.Collect$$rtexit$$00000000  rtexit.o(c_w.l)
    0x080001c6   0x00000000   Code   RO          526    .ARM.Collect$$rtexit$$00000002  rtexit2.o(c_w.l)
    0x080001c6   0x00000004   Code   RO          527    .ARM.Collect$$rtexit$$00000003  rtexit2.o(c_w.l)
    0x080001ca   0x00000004   Code   RO          528    .ARM.Collect$$rtexit$$00000004  rtexit2.o(c_w.l)
    0x080001ce   0x00000002   PAD
    0x080001d0   0x00000024   Code   RO          110    .text               main.o
    0x080001f4   0x00000720   Code   RO          126    .text               init.o
    0x08000914   0x000000fc   Code   RO          138    .text               global.o
    0x08000a10   0x000002e0   Code   RO          157    .text               spicom.o
    0x08000cf0   0x000003bc   Code   RO          180    .text               stm32f10x_it.o
    0x080010ac   0x000001a8   Code   RO          193    .text               usartcom.o
    0x08001254   0x000006a0   Code   RO          215    .text               24l01app.o
    0x080018f4   0x000005d0   Code   RO          230    .text               24l01api.o
    0x08001ec4   0x00000040   Code   RO          269    .text               startup_stm32f10x_hd.o
    0x08001f04   0x000000e0   Code   RO          274    .text               misc.o
    0x08001fe4   0x000005e4   Code   RO          286    .text               stm32f10x_flash.o
    0x080025c8   0x0000030c   Code   RO          298    .text               stm32f10x_spi.o
    0x080028d4   0x00000390   Code   RO          310    .text               stm32f10x_rcc.o
    0x08002c64   0x00000348   Code   RO          339    .text               stm32f10x_gpio.o
    0x08002fac   0x000001bc   Code   RO          351    .text               system_stm32f10x.o
    0x08003168   0x00000130   Code   RO          382    .text               stm32f10x_exti.o
    0x08003298   0x00000408   Code   RO          394    .text               stm32f10x_usart.o
    0x080036a0   0x00000c66   Code   RO          406    .text               stm32f10x_tim.o
    0x08004306   0x00000002   PAD
    0x08004308   0x00000078   Code   RO          420    .text               rand.o(c_w.l)
    0x08004380   0x00000064   Code   RO          424    .text               rt_memcpy_w.o(c_w.l)
    0x080043e4   0x00000006   Code   RO          426    .text               heapauxi.o(c_w.l)
    0x080043ea   0x0000004a   Code   RO          493    .text               sys_stackheap_outer.o(c_w.l)
    0x08004434   0x0000000c   Code   RO          495    .text               exit.o(c_w.l)
    0x08004440   0x00000008   Code   RO          510    .text               libspace.o(c_w.l)
    0x08004448   0x00000002   Code   RO          523    .text               use_no_semi.o(c_w.l)
    0x0800444a   0x00000002   PAD
    0x0800444c   0x00000014   Code   RO          539    .text               sys_exit.o(c_w.l)
    0x08004460   0x000000b0   Data   RO          216    .constdata          24l01app.o
    0x08004510   0x00000020   Data   RO          583    Region$$Table       anon$$obj.o


    Execution Region RW_IRAM1 (Base: 0x20000000, Size: 0x000012b0, Max: 0x00010000, ABSOLUTE)

    Base Addr    Size         Type   Attr      Idx    E Section Name        Object

    0x20000000   0x00000074   Data   RW          139    .data               global.o
    0x20000074   0x0000002c   Data   RW          159    .data               spicom.o
    0x200000a0   0x0000000c   Data   RW          195    .data               usartcom.o
    0x200000ac   0x00000044   Data   RW          232    .data               24l01api.o
    0x200000f0   0x00000014   Data   RW          311    .data               stm32f10x_rcc.o
    0x20000104   0x00000014   Data   RW          352    .data               system_stm32f10x.o
    0x20000118   0x00000008   Data   RW          422    .data               rand.o(c_w.l)
    0x20000120   0x00000484   Zero   RW          158    .bss                spicom.o
    0x200005a4   0x00000564   Zero   RW          194    .bss                usartcom.o
    0x20000b08   0x0000006c   Zero   RW          231    .bss                24l01api.o
    0x20000b74   0x000000dc   Zero   RW          421    .bss                rand.o(c_w.l)
    0x20000c50   0x00000060   Zero   RW          511    .bss                libspace.o(c_w.l)
    0x20000cb0   0x00000200   Zero   RW          267    HEAP                startup_stm32f10x_hd.o
    0x20000eb0   0x00000400   Zero   RW          266    STACK               startup_stm32f10x_hd.o


==============================================================================

Image component sizes


      Code (inc. data)   RO Data    RW Data    ZI Data      Debug   Object Name

      1488         36          0         68        108       8519   24l01api.o
      1696        156        176          0          0       4098   24l01app.o
       252         12          0        116          0       4994   global.o
      1824        132          0          0          0       2992   init.o
        36          6          0          0          0        431   main.o
       224         20          0          0          0       1849   misc.o
         0          0          0          0          0     269225   si4431.o
       736         72          0         44       1156       2674   spicom.o
        64         26        304          0       1536        604   startup_stm32f10x_hd.o
       304         14          0          0          0       2307   stm32f10x_exti.o
      1508         38          0          0          0       8254   stm32f10x_flash.o
       840         38          0          0          0       5733   stm32f10x_gpio.o
       956        108          0          0          0       2584   stm32f10x_it.o
       912         32          0         20          0       8852   stm32f10x_rcc.o
       780         14          0          0          0       6666   stm32f10x_spi.o
      3174         74          0          0          0      22240   stm32f10x_tim.o
      1032         20          0          0          0       8488   stm32f10x_usart.o
       444         32          0         20          0       1931   system_stm32f10x.o
       424         34          0         12       1380       3868   usartcom.o

    ----------------------------------------------------------------------
     16696        864        512        280       4180     366309   Object Totals
         0          0         32          0          0          0   (incl. Generated)
         2          0          0          0          0          3   (incl. Padding)

    ----------------------------------------------------------------------

      Code (inc. data)   RO Data    RW Data    ZI Data      Debug   Library Member Name

         8          0          0          0          0         68   __main.o
        52          8          0          0          0          0   __scatter.o
        26          0          0          0          0          0   __scatter_copy.o
        28          0          0          0          0          0   __scatter_zi.o
        12          0          0          0          0         68   exit.o
         6          0          0          0          0        148   heapauxi.o
         6          0          0          0          0          0   libinit.o
         6          0          0          0          0          0   libinit2.o
         2          0          0          0          0          0   libshutdown.o
         2          0          0          0          0          0   libshutdown2.o
         8          4          0          0         96         68   libspace.o
       120         18          0          8        220        116   rand.o
       100          0          0          0          0         80   rt_memcpy_w.o
         0          0          0          0          0          0   rtentry.o
        12          0          0          0          0          0   rtentry2.o
         6          0          0          0          0          0   rtentry4.o
         0          0          0          0          0          0   rtexit.o
         8          0          0          0          0          0   rtexit2.o
        20         10          0          0          0         68   sys_exit.o
        74          0          0          0          0         80   sys_stackheap_outer.o
         2          0          0          0          0         68   use_no_semi.o

    ----------------------------------------------------------------------
       504         40          0          8        316        764   Library Totals
         6          0          0          0          0          0   (incl. Padding)

    ----------------------------------------------------------------------

      Code (inc. data)   RO Data    RW Data    ZI Data      Debug   Library Name

       498         40          0          8        316        764   c_w.l

    ----------------------------------------------------------------------
       504         40          0          8        316        764   Library Totals

    ----------------------------------------------------------------------

==============================================================================


      Code (inc. data)   RO Data    RW Data    ZI Data      Debug   

     17200        904        512        288       4496     364876   Grand Totals
     17200        904        512        288       4496     364876   ELF Image Totals
     17200        904        512        288          0          0   ROM Totals

==============================================================================

    Total RO  Size (Code + RO Data)                17712 (  17.30kB)
    Total RW  Size (RW Data + ZI Data)              4784 (   4.67kB)
    Total ROM Size (Code + RO Data + RW Data)      18000 (  17.58kB)

==============================================================================

